Archive member included to satisfy reference by file (symbol)

d:/st/stm32cubeide_1.7.0/stm32cubeide/plugins/com.st.stm32cube.ide.mcu.externaltools.gnu-tools-for-stm32.9-2020-q2-update.win32_2.0.0.202105311346/tools/bin/../lib/gcc/arm-none-eabi/9.3.1/../../../../arm-none-eabi/lib/thumb/v7e-m+fp/hard\libc_nano.a(lib_a-errno.o)
                              ./Core/Src/syscalls.o (__errno)
d:/st/stm32cubeide_1.7.0/stm32cubeide/plugins/com.st.stm32cube.ide.mcu.externaltools.gnu-tools-for-stm32.9-2020-q2-update.win32_2.0.0.202105311346/tools/bin/../lib/gcc/arm-none-eabi/9.3.1/../../../../arm-none-eabi/lib/thumb/v7e-m+fp/hard\libc_nano.a(lib_a-exit.o)
                              d:/st/stm32cubeide_1.7.0/stm32cubeide/plugins/com.st.stm32cube.ide.mcu.externaltools.gnu-tools-for-stm32.9-2020-q2-update.win32_2.0.0.202105311346/tools/bin/../lib/gcc/arm-none-eabi/9.3.1/../../../../arm-none-eabi/lib/thumb/v7e-m+fp/hard/crt0.o (exit)
d:/st/stm32cubeide_1.7.0/stm32cubeide/plugins/com.st.stm32cube.ide.mcu.externaltools.gnu-tools-for-stm32.9-2020-q2-update.win32_2.0.0.202105311346/tools/bin/../lib/gcc/arm-none-eabi/9.3.1/../../../../arm-none-eabi/lib/thumb/v7e-m+fp/hard\libc_nano.a(lib_a-impure.o)
                              d:/st/stm32cubeide_1.7.0/stm32cubeide/plugins/com.st.stm32cube.ide.mcu.externaltools.gnu-tools-for-stm32.9-2020-q2-update.win32_2.0.0.202105311346/tools/bin/../lib/gcc/arm-none-eabi/9.3.1/../../../../arm-none-eabi/lib/thumb/v7e-m+fp/hard\libc_nano.a(lib_a-exit.o) (_global_impure_ptr)
d:/st/stm32cubeide_1.7.0/stm32cubeide/plugins/com.st.stm32cube.ide.mcu.externaltools.gnu-tools-for-stm32.9-2020-q2-update.win32_2.0.0.202105311346/tools/bin/../lib/gcc/arm-none-eabi/9.3.1/../../../../arm-none-eabi/lib/thumb/v7e-m+fp/hard\libc_nano.a(lib_a-init.o)
                              d:/st/stm32cubeide_1.7.0/stm32cubeide/plugins/com.st.stm32cube.ide.mcu.externaltools.gnu-tools-for-stm32.9-2020-q2-update.win32_2.0.0.202105311346/tools/bin/../lib/gcc/arm-none-eabi/9.3.1/../../../../arm-none-eabi/lib/thumb/v7e-m+fp/hard/crt0.o (__libc_init_array)
d:/st/stm32cubeide_1.7.0/stm32cubeide/plugins/com.st.stm32cube.ide.mcu.externaltools.gnu-tools-for-stm32.9-2020-q2-update.win32_2.0.0.202105311346/tools/bin/../lib/gcc/arm-none-eabi/9.3.1/../../../../arm-none-eabi/lib/thumb/v7e-m+fp/hard\libc_nano.a(lib_a-memset.o)
                              d:/st/stm32cubeide_1.7.0/stm32cubeide/plugins/com.st.stm32cube.ide.mcu.externaltools.gnu-tools-for-stm32.9-2020-q2-update.win32_2.0.0.202105311346/tools/bin/../lib/gcc/arm-none-eabi/9.3.1/../../../../arm-none-eabi/lib/thumb/v7e-m+fp/hard/crt0.o (memset)
d:/st/stm32cubeide_1.7.0/stm32cubeide/plugins/com.st.stm32cube.ide.mcu.externaltools.gnu-tools-for-stm32.9-2020-q2-update.win32_2.0.0.202105311346/tools/bin/../lib/gcc/arm-none-eabi/9.3.1/../../../../arm-none-eabi/lib/thumb/v7e-m+fp/hard\libm.a(lib_a-w_pow.o)
                              ./Core/Src/BMXX80.o (pow)
d:/st/stm32cubeide_1.7.0/stm32cubeide/plugins/com.st.stm32cube.ide.mcu.externaltools.gnu-tools-for-stm32.9-2020-q2-update.win32_2.0.0.202105311346/tools/bin/../lib/gcc/arm-none-eabi/9.3.1/../../../../arm-none-eabi/lib/thumb/v7e-m+fp/hard\libm.a(lib_a-e_pow.o)
                              d:/st/stm32cubeide_1.7.0/stm32cubeide/plugins/com.st.stm32cube.ide.mcu.externaltools.gnu-tools-for-stm32.9-2020-q2-update.win32_2.0.0.202105311346/tools/bin/../lib/gcc/arm-none-eabi/9.3.1/../../../../arm-none-eabi/lib/thumb/v7e-m+fp/hard\libm.a(lib_a-w_pow.o) (__ieee754_pow)
d:/st/stm32cubeide_1.7.0/stm32cubeide/plugins/com.st.stm32cube.ide.mcu.externaltools.gnu-tools-for-stm32.9-2020-q2-update.win32_2.0.0.202105311346/tools/bin/../lib/gcc/arm-none-eabi/9.3.1/../../../../arm-none-eabi/lib/thumb/v7e-m+fp/hard\libm.a(lib_a-e_sqrt.o)
                              d:/st/stm32cubeide_1.7.0/stm32cubeide/plugins/com.st.stm32cube.ide.mcu.externaltools.gnu-tools-for-stm32.9-2020-q2-update.win32_2.0.0.202105311346/tools/bin/../lib/gcc/arm-none-eabi/9.3.1/../../../../arm-none-eabi/lib/thumb/v7e-m+fp/hard\libm.a(lib_a-e_pow.o) (__ieee754_sqrt)
d:/st/stm32cubeide_1.7.0/stm32cubeide/plugins/com.st.stm32cube.ide.mcu.externaltools.gnu-tools-for-stm32.9-2020-q2-update.win32_2.0.0.202105311346/tools/bin/../lib/gcc/arm-none-eabi/9.3.1/../../../../arm-none-eabi/lib/thumb/v7e-m+fp/hard\libm.a(lib_a-s_fabs.o)
                              d:/st/stm32cubeide_1.7.0/stm32cubeide/plugins/com.st.stm32cube.ide.mcu.externaltools.gnu-tools-for-stm32.9-2020-q2-update.win32_2.0.0.202105311346/tools/bin/../lib/gcc/arm-none-eabi/9.3.1/../../../../arm-none-eabi/lib/thumb/v7e-m+fp/hard\libm.a(lib_a-e_pow.o) (fabs)
d:/st/stm32cubeide_1.7.0/stm32cubeide/plugins/com.st.stm32cube.ide.mcu.externaltools.gnu-tools-for-stm32.9-2020-q2-update.win32_2.0.0.202105311346/tools/bin/../lib/gcc/arm-none-eabi/9.3.1/../../../../arm-none-eabi/lib/thumb/v7e-m+fp/hard\libm.a(lib_a-s_finite.o)
[...]
Memory Configuration

Name             Origin             Length             Attributes
RAM              0x0000000020000000 0x0000000000050000 xrw
FLASH            0x0000000008000000 0x0000000000100000 xr
*default*        0x0000000000000000 0xffffffffffffffff

Linker script and memory map

LOAD d:/st/stm32cubeide_1.7.0/stm32cubeide/plugins/com.st.stm32cube.ide.mcu.externaltools.gnu-tools-for-stm32.9-2020-q2-update.win32_2.0.0.202105311346/tools/bin/../lib/gcc/arm-none-eabi/9.3.1/thumb/v7e-m+fp/hard/crti.o
LOAD d:/st/stm32cubeide_1.7.0/stm32cubeide/plugins/com.st.stm32cube.ide.mcu.externaltools.gnu-tools-for-stm32.9-2020-q2-update.win32_2.0.0.202105311346/tools/bin/../lib/gcc/arm-none-eabi/9.3.1/thumb/v7e-m+fp/hard/crtbegin.o
LOAD d:/st/stm32cubeide_1.7.0/stm32cubeide/plugins/com.st.stm32cube.ide.mcu.externaltools.gnu-tools-for-stm32.9-2020-q2-update.win32_2.0.0.202105311346/tools/bin/../lib/gcc/arm-none-eabi/9.3.1/../../../../arm-none-eabi/lib/thumb/v7e-m+fp/hard/crt0.o
LOAD ./Core/Src/BMXX80.o
LOAD ./Core/Src/main.o
LOAD ./Core/Src/stm32f7xx_hal_msp.o
LOAD ./Core/Src/stm32f7xx_it.o
LOAD ./Core/Src/syscalls.o
LOAD ./Core/Src/sysmem.o
LOAD ./Core/Src/system_stm32f7xx.o
LOAD ./Core/Startup/startup_stm32f746zgtx.o
LOAD ./Drivers/STM32F7xx_HAL_Driver/Src/stm32f7xx_hal.o
LOAD ./Drivers/STM32F7xx_HAL_Driver/Src/stm32f7xx_hal_cortex.o
LOAD ./Drivers/STM32F7xx_HAL_Driver/Src/stm32f7xx_hal_dma.o
LOAD ./Drivers/STM32F7xx_HAL_Driver/Src/stm32f7xx_hal_dma_ex.o
LOAD ./Drivers/STM32F7xx_HAL_Driver/Src/stm32f7xx_hal_exti.o
LOAD ./Drivers/STM32F7xx_HAL_Driver/Src/stm32f7xx_hal_flash.o
LOAD ./Drivers/STM32F7xx_HAL_Driver/Src/stm32f7xx_hal_flash_ex.o
LOAD ./Drivers/STM32F7xx_HAL_Driver/Src/stm32f7xx_hal_gpio.o
LOAD ./Drivers/STM32F7xx_HAL_Driver/Src/stm32f7xx_hal_i2c.o
LOAD ./Drivers/STM32F7xx_HAL_Driver/Src/stm32f7xx_hal_i2c_ex.o
LOAD ./Drivers/STM32F7xx_HAL_Driver/Src/stm32f7xx_hal_pcd.o
LOAD ./Drivers/STM32F7xx_HAL_Driver/Src/stm32f7xx_hal_pcd_ex.o
LOAD ./Drivers/STM32F7xx_HAL_Driver/Src/stm32f7xx_hal_pwr.o
LOAD ./Drivers/STM32F7xx_HAL_Driver/Src/stm32f7xx_hal_pwr_ex.o
LOAD ./Drivers/STM32F7xx_HAL_Driver/Src/stm32f7xx_hal_rcc.o
LOAD ./Drivers/STM32F7xx_HAL_Driver/Src/stm32f7xx_hal_rcc_ex.o
LOAD ./Drivers/STM32F7xx_HAL_Driver/Src/stm32f7xx_hal_tim.o
LOAD ./Drivers/STM32F7xx_HAL_Driver/Src/stm32f7xx_hal_tim_ex.o
LOAD ./Drivers/STM32F7xx_HAL_Driver/Src/stm32f7xx_hal_uart.o
LOAD ./Drivers/STM32F7xx_HAL_Driver/Src/stm32f7xx_hal_uart_ex.o
LOAD ./Drivers/STM32F7xx_HAL_Driver/Src/stm32f7xx_ll_usb.o
START GROUP
LOAD d:/st/stm32cubeide_1.7.0/stm32cubeide/plugins/com.st.stm32cube.ide.mcu.externaltools.gnu-tools-for-stm32.9-2020-q2-update.win32_2.0.0.202105311346/tools/bin/../lib/gcc/arm-none-eabi/9.3.1/../../../../arm-none-eabi/lib/thumb/v7e-m+fp/hard\libc_nano.a
LOAD d:/st/stm32cubeide_1.7.0/stm32cubeide/plugins/com.st.stm32cube.ide.mcu.externaltools.gnu-tools-for-stm32.9-2020-q2-update.win32_2.0.0.202105311346/tools/bin/../lib/gcc/arm-none-eabi/9.3.1/../../../../arm-none-eabi/lib/thumb/v7e-m+fp/hard\libm.a
END GROUP
START GROUP
LOAD d:/st/stm32cubeide_1.7.0/stm32cubeide/plugins/com.st.stm32cube.ide.mcu.externaltools.gnu-tools-for-stm32.9-2020-q2-update.win32_2.0.0.202105311346/tools/bin/../lib/gcc/arm-none-eabi/9.3.1/thumb/v7e-m+fp/hard\libgcc.a
LOAD d:/st/stm32cubeide_1.7.0/stm32cubeide/plugins/com.st.stm32cube.ide.mcu.externaltools.gnu-tools-for-stm32.9-2020-q2-update.win32_2.0.0.202105311346/tools/bin/../lib/gcc/arm-none-eabi/9.3.1/../../../../arm-none-eabi/lib/thumb/v7e-m+fp/hard\libc_nano.a
END GROUP
START GROUP
LOAD d:/st/stm32cubeide_1.7.0/stm32cubeide/plugins/com.st.stm32cube.ide.mcu.externaltools.gnu-tools-for-stm32.9-2020-q2-update.win32_2.0.0.202105311346/tools/bin/../lib/gcc/arm-none-eabi/9.3.1/thumb/v7e-m+fp/hard\libgcc.a
LOAD d:/st/stm32cubeide_1.7.0/stm32cubeide/plugins/com.st.stm32cube.ide.mcu.externaltools.gnu-tools-for-stm32.9-2020-q2-update.win32_2.0.0.202105311346/tools/bin/../lib/gcc/arm-none-eabi/9.3.1/../../../../arm-none-eabi/lib/thumb/v7e-m+fp/hard\libc_nano.a
LOAD d:/st/stm32cubeide_1.7.0/stm32cubeide/plugins/com.st.stm32cube.ide.mcu.externaltools.gnu-tools-for-stm32.9-2020-q2-update.win32_2.0.0.202105311346/tools/bin/../lib/gcc/arm-none-eabi/9.3.1/../../../../arm-none-eabi/lib/thumb/v7e-m+fp/hard\libnosys.a
END GROUP
START GROUP
LOAD d:/st/stm32cubeide_1.7.0/stm32cubeide/plugins/com.st.stm32cube.ide.mcu.externaltools.gnu-tools-for-stm32.9-2020-q2-update.win32_2.0.0.202105311346/tools/bin/../lib/gcc/arm-none-eabi/9.3.1/thumb/v7e-m+fp/hard\libgcc.a
LOAD d:/st/stm32cubeide_1.7.0/stm32cubeide/plugins/com.st.stm32cube.ide.mcu.externaltools.gnu-tools-for-stm32.9-2020-q2-update.win32_2.0.0.202105311346/tools/bin/../lib/gcc/arm-none-eabi/9.3.1/../../../../arm-none-eabi/lib/thumb/v7e-m+fp/hard\libc_nano.a
LOAD d:/st/stm32cubeide_1.7.0/stm32cubeide/plugins/com.st.stm32cube.ide.mcu.externaltools.gnu-tools-for-stm32.9-2020-q2-update.win32_2.0.0.202105311346/tools/bin/../lib/gcc/arm-none-eabi/9.3.1/../../../../arm-none-eabi/lib/thumb/v7e-m+fp/hard\libnosys.a
END GROUP
LOAD d:/st/stm32cubeide_1.7.0/stm32cubeide/plugins/com.st.stm32cube.ide.mcu.externaltools.gnu-tools-for-stm32.9-2020-q2-update.win32_2.0.0.202105311346/tools/bin/../lib/gcc/arm-none-eabi/9.3.1/thumb/v7e-m+fp/hard/crtend.o
LOAD d:/st/stm32cubeide_1.7.0/stm32cubeide/plugins/com.st.stm32cube.ide.mcu.externaltools.gnu-tools-for-stm32.9-2020-q2-update.win32_2.0.0.202105311346/tools/bin/../lib/gcc/arm-none-eabi/9.3.1/thumb/v7e-m+fp/hard/crtn.o
                0x0000000020050000                _estack = (ORIGIN (RAM) + LENGTH (RAM))
                0x0000000000000200                _Min_Heap_Size = 0x200
                0x0000000000000400                _Min_Stack_Size = 0x400

.isr_vector     0x0000000008000000      0x1c8
                0x0000000008000000                . = ALIGN (0x4)
 *(.isr_vector)
 .isr_vector    0x0000000008000000      0x1c8 ./Core/Startup/startup_stm32f746zgtx.o
                0x0000000008000000                g_pfnVectors
                0x00000000080001c8                . = ALIGN (0x4)

.text           0x00000000080001c8     0x43bc
                0x00000000080001c8                . = ALIGN (0x4)
 *(.text)
 .text          0x00000000080001c8       0x40 d:/st/stm32cubeide_1.7.0/stm32cubeide/plugins/com.st.stm32cube.ide.mcu.externaltools.gnu-tools-for-stm32.9-2020-q2-update.win32_2.0.0.202105311346/tools/bin/../lib/gcc/arm-none-eabi/9.3.1/thumb/v7e-m+fp/hard/crtbegin.o
 .text          0x0000000008000208       0x30 d:/st/stm32cubeide_1.7.0/stm32cubeide/plugins/com.st.stm32cube.ide.mcu.externaltools.gnu-tools-for-stm32.9-2020-q2-update.win32_2.0.0.202105311346/tools/bin/../lib/gcc/arm-none-eabi/9.3.1/thumb/v7e-m+fp/hard\libgcc.a(_aeabi_uldivmod.o)
                0x0000000008000208                __aeabi_uldivmod
 .text          0x0000000008000238      0x2c4 d:/st/stm32cubeide_1.7.0/stm32cubeide/plugins/com.st.stm32cube.ide.mcu.externaltools.gnu-tools-for-stm32.9-2020-q2-update.win32_2.0.0.202105311346/tools/bin/../lib/gcc/arm-none-eabi/9.3.1/thumb/v7e-m+fp/hard\libgcc.a(_udivmoddi4.o)
                0x0000000008000238                __udivmoddi4
 .text          0x00000000080004fc        0x4 d:/st/stm32cubeide_1.7.0/stm32cubeide/plugins/com.st.stm32cube.ide.mcu.externaltools.gnu-tools-for-stm32.9-2020-q2-update.win32_2.0.0.202105311346/tools/bin/../lib/gcc/arm-none-eabi/9.3.1/thumb/v7e-m+fp/hard\libgcc.a(_dvmd_tls.o)
                0x00000000080004fc                __aeabi_idiv0
                0x00000000080004fc                __aeabi_ldiv0
 *(.text*)
 .text.BMP280_Read8
                0x0000000008000500       0x3c ./Core/Src/BMXX80.o
                0x0000000008000500                BMP280_Read8
 .text.BMP280_Read16
                0x000000000800053c       0x44 ./Core/Src/BMXX80.o
                0x000000000800053c                BMP280_Read16
 .text.BMP280_Read16LE
                0x0000000008000580       0x32 ./Core/Src/BMXX80.o
                0x0000000008000580                BMP280_Read16LE
 *fill*         0x00000000080005b2        0x2 
 .text.BMP280_Write8
                0x00000000080005b4       0x38 ./Core/Src/BMXX80.o
                0x00000000080005b4                BMP280_Write8
 .text.BMP280_Read24
                0x00000000080005ec       0x44 ./Core/Src/BMXX80.o
                0x00000000080005ec                BMP280_Read24
 .text.BMP280_Init
                0x0000000008000630      0x17c ./Core/Src/BMXX80.o
                0x0000000008000630                BMP280_Init
 .text.BMP280_ReadTemperature
                0x00000000080007ac      0x118 ./Core/Src/BMXX80.o
                0x00000000080007ac                BMP280_ReadTemperature
 .text.main     0x00000000080008c4       0x48 ./Core/Src/main.o
                0x00000000080008c4                main
 .text.SystemClock_Config
                0x000000000800090c       0xd0 ./Core/Src/main.o
                0x000000000800090c                SystemClock_Config
 .text.MX_I2C2_Init
                0x00000000080009dc       0x80 ./Core/Src/main.o
 .text.MX_USART3_UART_Init
                0x0000000008000a5c       0x60 ./Core/Src/main.o
 .text.MX_USB_OTG_FS_PCD_Init
                0x0000000008000abc       0x5c ./Core/Src/main.o
 .text.MX_GPIO_Init
                0x0000000008000b18      0x1cc ./Core/Src/main.o
 .text.Error_Handler
                0x0000000008000ce4        0xa ./Core/Src/main.o
                0x0000000008000ce4                Error_Handler
 *fill*         0x0000000008000cee        0x2 
 .text.HAL_MspInit
                0x0000000008000cf0       0x48 ./Core/Src/stm32f7xx_hal_msp.o
                0x0000000008000cf0                HAL_MspInit
 .text.HAL_I2C_MspInit
                0x0000000008000d38       0xc0 ./Core/Src/stm32f7xx_hal_msp.o
                0x0000000008000d38                HAL_I2C_MspInit
 .text.HAL_UART_MspInit
                0x0000000008000df8       0xc0 ./Core/Src/stm32f7xx_hal_msp.o
                0x0000000008000df8                HAL_UART_MspInit
 .text.HAL_PCD_MspInit
                0x0000000008000eb8       0xf4 ./Core/Src/stm32f7xx_hal_msp.o
                0x0000000008000eb8                HAL_PCD_MspInit
 .text.NMI_Handler
                0x0000000008000fac        0x6 ./Core/Src/stm32f7xx_it.o
                0x0000000008000fac                NMI_Handler
 .text.HardFault_Handler
                0x0000000008000fb2        0x6 ./Core/Src/stm32f7xx_it.o
                0x0000000008000fb2                HardFault_Handler
 .text.MemManage_Handler
                0x0000000008000fb8        0x6 ./Core/Src/stm32f7xx_it.o
                0x0000000008000fb8                MemManage_Handler
 .text.BusFault_Handler
                0x0000000008000fbe        0x6 ./Core/Src/stm32f7xx_it.o
                0x0000000008000fbe                BusFault_Handler
 .text.UsageFault_Handler
                0x0000000008000fc4        0x6 ./Core/Src/stm32f7xx_it.o
                0x0000000008000fc4                UsageFault_Handler
 .text.SVC_Handler
                0x0000000008000fca        0xe ./Core/Src/stm32f7xx_it.o
                0x0000000008000fca                SVC_Handler
 .text.DebugMon_Handler
                0x0000000008000fd8        0xe ./Core/Src/stm32f7xx_it.o
                0x0000000008000fd8                DebugMon_Handler
 .text.PendSV_Handler
                0x0000000008000fe6        0xe ./Core/Src/stm32f7xx_it.o
                0x0000000008000fe6                PendSV_Handler
 .text.SysTick_Handler
                0x0000000008000ff4        0xc ./Core/Src/stm32f7xx_it.o
                0x0000000008000ff4                SysTick_Handler
 .text.SystemInit
                0x0000000008001000       0x24 ./Core/Src/system_stm32f7xx.o
                0x0000000008001000                SystemInit
 .text.Reset_Handler
                0x0000000008001024       0x50 ./Core/Startup/startup_stm32f746zgtx.o
                0x0000000008001024                Reset_Handler
 .text.Default_Handler
                0x0000000008001074        0x2 ./Core/Startup/startup_stm32f746zgtx.o
                0x0000000008001074                RTC_Alarm_IRQHandler
                0x0000000008001074                EXTI2_IRQHandler
                0x0000000008001074                TIM8_CC_IRQHandler
                0x0000000008001074                UART8_IRQHandler
                0x0000000008001074                SPI4_IRQHandler
                0x0000000008001074                TIM1_CC_IRQHandler
                0x0000000008001074                DMA2_Stream5_IRQHandler
                0x0000000008001074                DMA1_Stream5_IRQHandler
                0x0000000008001074                PVD_IRQHandler
                0x0000000008001074                TAMP_STAMP_IRQHandler
                0x0000000008001074                CAN2_RX1_IRQHandler
                0x0000000008001074                EXTI3_IRQHandler
                0x0000000008001074                TIM8_TRG_COM_TIM14_IRQHandler
                0x0000000008001074                TIM1_UP_TIM10_IRQHandler
                0x0000000008001074                TIM8_UP_TIM13_IRQHandler
                0x0000000008001074                I2C3_ER_IRQHandler
                0x0000000008001074                EXTI0_IRQHandler
                0x0000000008001074                I2C2_EV_IRQHandler
                0x0000000008001074                DMA1_Stream2_IRQHandler
                0x0000000008001074                CAN1_RX0_IRQHandler
                0x0000000008001074                FPU_IRQHandler
                0x0000000008001074                OTG_HS_WKUP_IRQHandler
                0x0000000008001074                LTDC_ER_IRQHandler
                0x0000000008001074                CAN2_SCE_IRQHandler
                0x0000000008001074                DMA2_Stream2_IRQHandler
                0x0000000008001074                SPI1_IRQHandler
                0x0000000008001074                TIM6_DAC_IRQHandler
                0x0000000008001074                TIM1_BRK_TIM9_IRQHandler
                0x0000000008001074                DCMI_IRQHandler
                0x0000000008001074                CAN2_RX0_IRQHandler
                0x0000000008001074                DMA2_Stream3_IRQHandler
                0x0000000008001074                SAI2_IRQHandler
                0x0000000008001074                USART6_IRQHandler
                0x0000000008001074                USART3_IRQHandler
                0x0000000008001074                CAN1_RX1_IRQHandler
                0x0000000008001074                UART5_IRQHandler
                0x0000000008001074                DMA2_Stream0_IRQHandler
                0x0000000008001074                TIM4_IRQHandler
                0x0000000008001074                QUADSPI_IRQHandler
                0x0000000008001074                I2C1_EV_IRQHandler
                0x0000000008001074                DMA1_Stream6_IRQHandler
                0x0000000008001074                DMA1_Stream1_IRQHandler
                0x0000000008001074                UART4_IRQHandler
                0x0000000008001074                TIM3_IRQHandler
                0x0000000008001074                RCC_IRQHandler
                0x0000000008001074                TIM8_BRK_TIM12_IRQHandler
                0x0000000008001074                Default_Handler
                0x0000000008001074                CEC_IRQHandler
                0x0000000008001074                EXTI15_10_IRQHandler
                0x0000000008001074                ADC_IRQHandler
                0x0000000008001074                DMA1_Stream7_IRQHandler
                0x0000000008001074                SPI5_IRQHandler
                0x0000000008001074                TIM7_IRQHandler
                0x0000000008001074                SDMMC1_IRQHandler
                0x0000000008001074                CAN2_TX_IRQHandler
                0x0000000008001074                TIM5_IRQHandler
                0x0000000008001074                DMA2_Stream7_IRQHandler
                0x0000000008001074                I2C3_EV_IRQHandler
                0x0000000008001074                EXTI9_5_IRQHandler
                0x0000000008001074                RTC_WKUP_IRQHandler
                0x0000000008001074                LTDC_IRQHandler
                0x0000000008001074                ETH_WKUP_IRQHandler
                0x0000000008001074                SPDIF_RX_IRQHandler
                0x0000000008001074                SPI2_IRQHandler
                0x0000000008001074                OTG_HS_EP1_IN_IRQHandler
                0x0000000008001074                DMA1_Stream0_IRQHandler
                0x0000000008001074                CAN1_TX_IRQHandler
                0x0000000008001074                EXTI4_IRQHandler
                0x0000000008001074                RNG_IRQHandler
                0x0000000008001074                ETH_IRQHandler
                0x0000000008001074                OTG_HS_EP1_OUT_IRQHandler
                0x0000000008001074                WWDG_IRQHandler
                0x0000000008001074                SPI6_IRQHandler
                0x0000000008001074                I2C4_EV_IRQHandler
                0x0000000008001074                TIM2_IRQHandler
                0x0000000008001074                OTG_FS_WKUP_IRQHandler
                0x0000000008001074                TIM1_TRG_COM_TIM11_IRQHandler
                0x0000000008001074                OTG_HS_IRQHandler
                0x0000000008001074                DMA2D_IRQHandler
                0x0000000008001074                EXTI1_IRQHandler
                0x0000000008001074                UART7_IRQHandler
                0x0000000008001074                USART2_IRQHandler
                0x0000000008001074                I2C2_ER_IRQHandler
                0x0000000008001074                DMA2_Stream1_IRQHandler
                0x0000000008001074                CAN1_SCE_IRQHandler
                0x0000000008001074                FLASH_IRQHandler
                0x0000000008001074                DMA2_Stream4_IRQHandler
                0x0000000008001074                USART1_IRQHandler
                0x0000000008001074                OTG_FS_IRQHandler
                0x0000000008001074                SPI3_IRQHandler
                0x0000000008001074                DMA1_Stream4_IRQHandler
                0x0000000008001074                I2C1_ER_IRQHandler
                0x0000000008001074                FMC_IRQHandler
                0x0000000008001074                LPTIM1_IRQHandler
                0x0000000008001074                I2C4_ER_IRQHandler
                0x0000000008001074                DMA2_Stream6_IRQHandler
                0x0000000008001074                SAI1_IRQHandler
                0x0000000008001074                DMA1_Stream3_IRQHandler
 .text.HAL_Init
                0x0000000008001076       0x1a ./Drivers/STM32F7xx_HAL_Driver/Src/stm32f7xx_hal.o
                0x0000000008001076                HAL_Init
 .text.HAL_InitTick
                0x0000000008001090       0x60 ./Drivers/STM32F7xx_HAL_Driver/Src/stm32f7xx_hal.o
                0x0000000008001090                HAL_InitTick
 .text.HAL_IncTick
                0x00000000080010f0       0x28 ./Drivers/STM32F7xx_HAL_Driver/Src/stm32f7xx_hal.o
                0x00000000080010f0                HAL_IncTick
 .text.HAL_GetTick
                0x0000000008001118       0x18 ./Drivers/STM32F7xx_HAL_Driver/Src/stm32f7xx_hal.o
                0x0000000008001118                HAL_GetTick
 .text.HAL_Delay
                0x0000000008001130       0x48 ./Drivers/STM32F7xx_HAL_Driver/Src/stm32f7xx_hal.o
                0x0000000008001130                HAL_Delay
 .text.__NVIC_SetPriorityGrouping
                0x0000000008001178       0x48 ./Drivers/STM32F7xx_HAL_Driver/Src/stm32f7xx_hal_cortex.o
 .text.__NVIC_GetPriorityGrouping
                0x00000000080011c0       0x1c ./Drivers/STM32F7xx_HAL_Driver/Src/stm32f7xx_hal_cortex.o
 .text.__NVIC_SetPriority
                0x00000000080011dc       0x54 ./Drivers/STM32F7xx_HAL_Driver/Src/stm32f7xx_hal_cortex.o
 .text.NVIC_EncodePriority
                0x0000000008001230       0x66 ./Drivers/STM32F7xx_HAL_Driver/Src/stm32f7xx_hal_cortex.o
 *fill*         0x0000000008001296        0x2 
 .text.SysTick_Config
                0x0000000008001298       0x44 ./Drivers/STM32F7xx_HAL_Driver/Src/stm32f7xx_hal_cortex.o
 .text.HAL_NVIC_SetPriorityGrouping
                0x00000000080012dc       0x16 ./Drivers/STM32F7xx_HAL_Driver/Src/stm32f7xx_hal_cortex.o
                0x00000000080012dc                HAL_NVIC_SetPriorityGrouping
 .text.HAL_NVIC_SetPriority
                0x00000000080012f2       0x38 ./Drivers/STM32F7xx_HAL_Driver/Src/stm32f7xx_hal_cortex.o
                0x00000000080012f2                HAL_NVIC_SetPriority
 .text.HAL_SYSTICK_Config
                0x000000000800132a       0x18 ./Drivers/STM32F7xx_HAL_Driver/Src/stm32f7xx_hal_cortex.o
                0x000000000800132a                HAL_SYSTICK_Config
 *fill*         0x0000000008001342        0x2 
 .text.HAL_GPIO_Init
                0x0000000008001344      0x358 ./Drivers/STM32F7xx_HAL_Driver/Src/stm32f7xx_hal_gpio.o
                0x0000000008001344                HAL_GPIO_Init
 .text.HAL_GPIO_WritePin
                0x000000000800169c       0x32 ./Drivers/STM32F7xx_HAL_Driver/Src/stm32f7xx_hal_gpio.o
                0x000000000800169c                HAL_GPIO_WritePin
 *fill*         0x00000000080016ce        0x2 
 .text.HAL_I2C_Init
                0x00000000080016d0      0x120 ./Drivers/STM32F7xx_HAL_Driver/Src/stm32f7xx_hal_i2c.o
                0x00000000080016d0                HAL_I2C_Init
 .text.HAL_I2C_Mem_Write
                0x00000000080017f0      0x228 ./Drivers/STM32F7xx_HAL_Driver/Src/stm32f7xx_hal_i2c.o
                0x00000000080017f0                HAL_I2C_Mem_Write
 .text.HAL_I2C_Mem_Read
                0x0000000008001a18      0x234 ./Drivers/STM32F7xx_HAL_Driver/Src/stm32f7xx_hal_i2c.o
                0x0000000008001a18                HAL_I2C_Mem_Read
 .text.I2C_RequestMemoryWrite
                0x0000000008001c4c       0xa8 ./Drivers/STM32F7xx_HAL_Driver/Src/stm32f7xx_hal_i2c.o
 .text.I2C_RequestMemoryRead
                0x0000000008001cf4       0xa8 ./Drivers/STM32F7xx_HAL_Driver/Src/stm32f7xx_hal_i2c.o
 .text.I2C_Flush_TXDR
                0x0000000008001d9c       0x48 ./Drivers/STM32F7xx_HAL_Driver/Src/stm32f7xx_hal_i2c.o
 .text.I2C_WaitOnFlagUntilTimeout
                0x0000000008001de4       0x80 ./Drivers/STM32F7xx_HAL_Driver/Src/stm32f7xx_hal_i2c.o
 .text.I2C_WaitOnTXISFlagUntilTimeout
                0x0000000008001e64       0x80 ./Drivers/STM32F7xx_HAL_Driver/Src/stm32f7xx_hal_i2c.o
 .text.I2C_WaitOnSTOPFlagUntilTimeout
                0x0000000008001ee4       0x78 ./Drivers/STM32F7xx_HAL_Driver/Src/stm32f7xx_hal_i2c.o
 .text.I2C_IsErrorOccurred
                0x0000000008001f5c      0x1d8 ./Drivers/STM32F7xx_HAL_Driver/Src/stm32f7xx_hal_i2c.o
 .text.I2C_TransferConfig
                0x0000000008002134       0x64 ./Drivers/STM32F7xx_HAL_Driver/Src/stm32f7xx_hal_i2c.o
 .text.HAL_I2CEx_ConfigAnalogFilter
                0x0000000008002198       0x96 ./Drivers/STM32F7xx_HAL_Driver/Src/stm32f7xx_hal_i2c_ex.o
                0x0000000008002198                HAL_I2CEx_ConfigAnalogFilter
 .text.HAL_I2CEx_ConfigDigitalFilter
                0x000000000800222e       0x98 ./Drivers/STM32F7xx_HAL_Driver/Src/stm32f7xx_hal_i2c_ex.o
                0x000000000800222e                HAL_I2CEx_ConfigDigitalFilter
 .text.HAL_PCD_Init
                0x00000000080022c6      0x248 ./Drivers/STM32F7xx_HAL_Driver/Src/stm32f7xx_hal_pcd.o
                0x00000000080022c6                HAL_PCD_Init
 *fill*         0x000000000800250e        0x2 
 .text.HAL_PCDEx_ActivateLPM
                0x0000000008002510       0x48 ./Drivers/STM32F7xx_HAL_Driver/Src/stm32f7xx_hal_pcd_ex.o
                0x0000000008002510                HAL_PCDEx_ActivateLPM
 .text.HAL_PWR_EnableBkUpAccess
                0x0000000008002558       0x20 ./Drivers/STM32F7xx_HAL_Driver/Src/stm32f7xx_hal_pwr.o
                0x0000000008002558                HAL_PWR_EnableBkUpAccess
 .text.HAL_RCC_OscConfig
                0x0000000008002578      0x548 ./Drivers/STM32F7xx_HAL_Driver/Src/stm32f7xx_hal_rcc.o
                0x0000000008002578                HAL_RCC_OscConfig
 .text.HAL_RCC_ClockConfig
                0x0000000008002ac0      0x1d8 ./Drivers/STM32F7xx_HAL_Driver/Src/stm32f7xx_hal_rcc.o
                0x0000000008002ac0                HAL_RCC_ClockConfig
 .text.HAL_RCC_GetSysClockFreq
                0x0000000008002c98      0x1c4 ./Drivers/STM32F7xx_HAL_Driver/Src/stm32f7xx_hal_rcc.o
                0x0000000008002c98                HAL_RCC_GetSysClockFreq
 .text.HAL_RCC_GetHCLKFreq
                0x0000000008002e5c       0x18 ./Drivers/STM32F7xx_HAL_Driver/Src/stm32f7xx_hal_rcc.o
                0x0000000008002e5c                HAL_RCC_GetHCLKFreq
 .text.HAL_RCC_GetPCLK1Freq
                0x0000000008002e74       0x28 ./Drivers/STM32F7xx_HAL_Driver/Src/stm32f7xx_hal_rcc.o
                0x0000000008002e74                HAL_RCC_GetPCLK1Freq
 .text.HAL_RCC_GetPCLK2Freq
                0x0000000008002e9c       0x28 ./Drivers/STM32F7xx_HAL_Driver/Src/stm32f7xx_hal_rcc.o
                0x0000000008002e9c                HAL_RCC_GetPCLK2Freq
 .text.HAL_RCCEx_PeriphCLKConfig
                0x0000000008002ec4      0x7e0 ./Drivers/STM32F7xx_HAL_Driver/Src/stm32f7xx_hal_rcc_ex.o
                0x0000000008002ec4                HAL_RCCEx_PeriphCLKConfig
 .text.HAL_UART_Init
                0x00000000080036a4       0x9c ./Drivers/STM32F7xx_HAL_Driver/Src/stm32f7xx_hal_uart.o
                0x00000000080036a4                HAL_UART_Init
 .text.UART_SetConfig
                0x0000000008003740      0x4c4 ./Drivers/STM32F7xx_HAL_Driver/Src/stm32f7xx_hal_uart.o
                0x0000000008003740                UART_SetConfig
 .text.UART_AdvFeatureConfig
                0x0000000008003c04      0x144 ./Drivers/STM32F7xx_HAL_Driver/Src/stm32f7xx_hal_uart.o
                0x0000000008003c04                UART_AdvFeatureConfig
 .text.UART_CheckIdleState
                0x0000000008003d48       0x66 ./Drivers/STM32F7xx_HAL_Driver/Src/stm32f7xx_hal_uart.o
                0x0000000008003d48                UART_CheckIdleState
 .text.UART_WaitOnFlagUntilTimeout
                0x0000000008003dae      0x188 ./Drivers/STM32F7xx_HAL_Driver/Src/stm32f7xx_hal_uart.o
                0x0000000008003dae                UART_WaitOnFlagUntilTimeout
 *fill*         0x0000000008003f36        0x2 
 .text.USB_CoreInit
                0x0000000008003f38       0xb0 ./Drivers/STM32F7xx_HAL_Driver/Src/stm32f7xx_ll_usb.o
                0x0000000008003f38                USB_CoreInit
 .text.USB_DisableGlobalInt
                0x0000000008003fe8       0x22 ./Drivers/STM32F7xx_HAL_Driver/Src/stm32f7xx_ll_usb.o
                0x0000000008003fe8                USB_DisableGlobalInt
 .text.USB_SetCurrentMode
                0x000000000800400a       0x98 ./Drivers/STM32F7xx_HAL_Driver/Src/stm32f7xx_ll_usb.o
                0x000000000800400a                USB_SetCurrentMode
 *fill*         0x00000000080040a2        0x2 
 .text.USB_DevInit
                0x00000000080040a4      0x2bc ./Drivers/STM32F7xx_HAL_Driver/Src/stm32f7xx_ll_usb.o
                0x00000000080040a4                USB_DevInit
 .text.USB_FlushTxFifo
                0x0000000008004360       0x64 ./Drivers/STM32F7xx_HAL_Driver/Src/stm32f7xx_ll_usb.o
                0x0000000008004360                USB_FlushTxFifo
 .text.USB_FlushRxFifo
                0x00000000080043c4       0x5c ./Drivers/STM32F7xx_HAL_Driver/Src/stm32f7xx_ll_usb.o
                0x00000000080043c4                USB_FlushRxFifo
 .text.USB_SetDevSpeed
                0x0000000008004420       0x32 ./Drivers/STM32F7xx_HAL_Driver/Src/stm32f7xx_ll_usb.o
                0x0000000008004420                USB_SetDevSpeed
 .text.USB_DevDisconnect
                0x0000000008004452       0x42 ./Drivers/STM32F7xx_HAL_Driver/Src/stm32f7xx_ll_usb.o
                0x0000000008004452                USB_DevDisconnect
 .text.USB_GetMode
                0x0000000008004494       0x1c ./Drivers/STM32F7xx_HAL_Driver/Src/stm32f7xx_ll_usb.o
                0x0000000008004494                USB_GetMode
 .text.USB_CoreReset
                0x00000000080044b0       0x64 ./Drivers/STM32F7xx_HAL_Driver/Src/stm32f7xx_ll_usb.o
 .text.__libc_init_array
                0x0000000008004514       0x48 d:/st/stm32cubeide_1.7.0/stm32cubeide/plugins/com.st.stm32cube.ide.mcu.externaltools.gnu-tools-for-stm32.9-2020-q2-update.win32_2.0.0.202105311346/tools/bin/../lib/gcc/arm-none-eabi/9.3.1/../../../../arm-none-eabi/lib/thumb/v7e-m+fp/hard\libc_nano.a(lib_a-init.o)
                0x0000000008004514                __libc_init_array
 .text.memset   0x000000000800455c       0x10 d:/st/stm32cubeide_1.7.0/stm32cubeide/plugins/com.st.stm32cube.ide.mcu.externaltools.gnu-tools-for-stm32.9-2020-q2-update.win32_2.0.0.202105311346/tools/bin/../lib/gcc/arm-none-eabi/9.3.1/../../../../arm-none-eabi/lib/thumb/v7e-m+fp/hard\libc_nano.a(lib_a-memset.o)
                0x000000000800455c                memset
 *(.glue_7)
 .glue_7        0x000000000800456c        0x0 linker stubs
 *(.glue_7t)
 .glue_7t       0x000000000800456c        0x0 linker stubs
 *(.eh_frame)
 .eh_frame      0x000000000800456c        0x0 d:/st/stm32cubeide_1.7.0/stm32cubeide/plugins/com.st.stm32cube.ide.mcu.externaltools.gnu-tools-for-stm32.9-2020-q2-update.win32_2.0.0.202105311346/tools/bin/../lib/gcc/arm-none-eabi/9.3.1/thumb/v7e-m+fp/hard/crtbegin.o
 *(.init)
 .init          0x000000000800456c        0x4 d:/st/stm32cubeide_1.7.0/stm32cubeide/plugins/com.st.stm32cube.ide.mcu.externaltools.gnu-tools-for-stm32.9-2020-q2-update.win32_2.0.0.202105311346/tools/bin/../lib/gcc/arm-none-eabi/9.3.1/thumb/v7e-m+fp/hard/crti.o
                0x000000000800456c                _init
 .init          0x0000000008004570        0x8 d:/st/stm32cubeide_1.7.0/stm32cubeide/plugins/com.st.stm32cube.ide.mcu.externaltools.gnu-tools-for-stm32.9-2020-q2-update.win32_2.0.0.202105311346/tools/bin/../lib/gcc/arm-none-eabi/9.3.1/thumb/v7e-m+fp/hard/crtn.o
 *(.fini)
 .fini          0x0000000008004578        0x4 d:/st/stm32cubeide_1.7.0/stm32cubeide/plugins/com.st.stm32cube.ide.mcu.externaltools.gnu-tools-for-stm32.9-2020-q2-update.win32_2.0.0.202105311346/tools/bin/../lib/gcc/arm-none-eabi/9.3.1/thumb/v7e-m+fp/hard/crti.o
                0x0000000008004578                _fini
 .fini          0x000000000800457c        0x8 d:/st/stm32cubeide_1.7.0/stm32cubeide/plugins/com.st.stm32cube.ide.mcu.externaltools.gnu-tools-for-stm32.9-2020-q2-update.win32_2.0.0.202105311346/tools/bin/../lib/gcc/arm-none-eabi/9.3.1/thumb/v7e-m+fp/hard/crtn.o
                0x0000000008004584                . = ALIGN (0x4)
                0x0000000008004584                _etext = .

.vfp11_veneer   0x0000000008004584        0x0
 .vfp11_veneer  0x0000000008004584        0x0 linker stubs

.v4_bx          0x0000000008004584        0x0
 .v4_bx         0x0000000008004584        0x0 linker stubs

.iplt           0x0000000008004584        0x0
 .iplt          0x0000000008004584        0x0 d:/st/stm32cubeide_1.7.0/stm32cubeide/plugins/com.st.stm32cube.ide.mcu.externaltools.gnu-tools-for-stm32.9-2020-q2-update.win32_2.0.0.202105311346/tools/bin/../lib/gcc/arm-none-eabi/9.3.1/thumb/v7e-m+fp/hard/crtbegin.o

.rodata         0x0000000008004584       0x18
                0x0000000008004584                . = ALIGN (0x4)
 *(.rodata)
 *(.rodata*)
 .rodata.AHBPrescTable
                0x0000000008004584       0x10 ./Core/Src/system_stm32f7xx.o
                0x0000000008004584                AHBPrescTable
 .rodata.APBPrescTable
                0x0000000008004594        0x8 ./Core/Src/system_stm32f7xx.o
                0x0000000008004594                APBPrescTable
                0x000000000800459c                . = ALIGN (0x4)

.ARM.extab      0x000000000800459c        0x0
                0x000000000800459c                . = ALIGN (0x4)
 *(.ARM.extab* .gnu.linkonce.armextab.*)
                0x000000000800459c                . = ALIGN (0x4)

.ARM            0x000000000800459c        0x8
                0x000000000800459c                . = ALIGN (0x4)
                0x000000000800459c                __exidx_start = .
 *(.ARM.exidx*)
 .ARM.exidx     0x000000000800459c        0x8 d:/st/stm32cubeide_1.7.0/stm32cubeide/plugins/com.st.stm32cube.ide.mcu.externaltools.gnu-tools-for-stm32.9-2020-q2-update.win32_2.0.0.202105311346/tools/bin/../lib/gcc/arm-none-eabi/9.3.1/thumb/v7e-m+fp/hard\libgcc.a(_udivmoddi4.o)
                0x00000000080045a4                __exidx_end = .
                0x00000000080045a4                . = ALIGN (0x4)

.rel.dyn        0x00000000080045a4        0x0
 .rel.iplt      0x00000000080045a4        0x0 d:/st/stm32cubeide_1.7.0/stm32cubeide/plugins/com.st.stm32cube.ide.mcu.externaltools.gnu-tools-for-stm32.9-2020-q2-update.win32_2.0.0.202105311346/tools/bin/../lib/gcc/arm-none-eabi/9.3.1/thumb/v7e-m+fp/hard/crtbegin.o

.preinit_array  0x00000000080045a4        0x0
                0x00000000080045a4                . = ALIGN (0x4)
                0x00000000080045a4                PROVIDE (__preinit_array_start = .)
 *(.preinit_array*)
                0x00000000080045a4                PROVIDE (__preinit_array_end = .)
                0x00000000080045a4                . = ALIGN (0x4)

.init_array     0x00000000080045a4        0x4
                0x00000000080045a4                . = ALIGN (0x4)
                0x00000000080045a4                PROVIDE (__init_array_start = .)
 *(SORT_BY_NAME(.init_array.*))
 *(.init_array*)
 .init_array    0x00000000080045a4        0x4 d:/st/stm32cubeide_1.7.0/stm32cubeide/plugins/com.st.stm32cube.ide.mcu.externaltools.gnu-tools-for-stm32.9-2020-q2-update.win32_2.0.0.202105311346/tools/bin/../lib/gcc/arm-none-eabi/9.3.1/thumb/v7e-m+fp/hard/crtbegin.o
                0x00000000080045a8                PROVIDE (__init_array_end = .)
                0x00000000080045a8                . = ALIGN (0x4)

.fini_array     0x00000000080045a8        0x4
                0x00000000080045a8                . = ALIGN (0x4)
                [!provide]                        PROVIDE (__fini_array_start = .)
 *(SORT_BY_NAME(.fini_array.*))
 *(.fini_array*)
 .fini_array    0x00000000080045a8        0x4 d:/st/stm32cubeide_1.7.0/stm32cubeide/plugins/com.st.stm32cube.ide.mcu.externaltools.gnu-tools-for-stm32.9-2020-q2-update.win32_2.0.0.202105311346/tools/bin/../lib/gcc/arm-none-eabi/9.3.1/thumb/v7e-m+fp/hard/crtbegin.o
                [!provide]                        PROVIDE (__fini_array_end = .)
                0x00000000080045ac                . = ALIGN (0x4)
                0x00000000080045ac                _sidata = LOADADDR (.data)

.data           0x0000000020000000        0xc load address 0x00000000080045ac
                0x0000000020000000                . = ALIGN (0x4)
                0x0000000020000000                _sdata = .
 *(.data)
 *(.data*)
 .data.SystemCoreClock
                0x0000000020000000        0x4 ./Core/Src/system_stm32f7xx.o
                0x0000000020000000                SystemCoreClock
 .data.uwTickPrio
                0x0000000020000004        0x4 ./Drivers/STM32F7xx_HAL_Driver/Src/stm32f7xx_hal.o
                0x0000000020000004                uwTickPrio
 .data.uwTickFreq
                0x0000000020000008        0x1 ./Drivers/STM32F7xx_HAL_Driver/Src/stm32f7xx_hal.o
                0x0000000020000008                uwTickFreq
 *(.RamFunc)
 *(.RamFunc*)
                0x000000002000000c                . = ALIGN (0x4)
 *fill*         0x0000000020000009        0x3 
                0x000000002000000c                _edata = .

.igot.plt       0x000000002000000c        0x0 load address 0x00000000080045b8
 .igot.plt      0x000000002000000c        0x0 d:/st/stm32cubeide_1.7.0/stm32cubeide/plugins/com.st.stm32cube.ide.mcu.externaltools.gnu-tools-for-stm32.9-2020-q2-update.win32_2.0.0.202105311346/tools/bin/../lib/gcc/arm-none-eabi/9.3.1/thumb/v7e-m+fp/hard/crtbegin.o
                0x000000002000000c                . = ALIGN (0x4)

.bss            0x000000002000000c      0x520 load address 0x00000000080045b8
                0x000000002000000c                _sbss = .
                0x000000002000000c                __bss_start__ = _sbss
 *(.bss)
 .bss           0x000000002000000c       0x1c d:/st/stm32cubeide_1.7.0/stm32cubeide/plugins/com.st.stm32cube.ide.mcu.externaltools.gnu-tools-for-stm32.9-2020-q2-update.win32_2.0.0.202105311346/tools/bin/../lib/gcc/arm-none-eabi/9.3.1/thumb/v7e-m+fp/hard/crtbegin.o
 *(.bss*)
 .bss.temperature
                0x0000000020000028        0x4 ./Core/Src/main.o
                0x0000000020000028                temperature
 *(COMMON)
 COMMON         0x000000002000002c       0x28 ./Core/Src/BMXX80.o
                0x000000002000002c                t3
                0x000000002000002e                p2
                0x0000000020000030                p7
                0x0000000020000032                _pressure_oversampling
                0x0000000020000034                t2
                0x0000000020000036                p5
                0x0000000020000038                p1
                0x000000002000003a                p8
                0x000000002000003c                p6
                0x000000002000003e                t1
                0x0000000020000040                _temperature_res
                0x0000000020000044                i2c_h
                0x0000000020000048                _mode
                0x000000002000004a                p3
                0x000000002000004c                p9
                0x000000002000004e                p4
                0x0000000020000050                t_fine
 COMMON         0x0000000020000054      0x4d4 ./Core/Src/main.o
                0x0000000020000054                huart3
                0x00000000200000d8                hpcd_USB_OTG_FS
                0x00000000200004dc                hi2c2
 COMMON         0x0000000020000528        0x4 ./Drivers/STM32F7xx_HAL_Driver/Src/stm32f7xx_hal.o
                0x0000000020000528                uwTick
                0x000000002000052c                . = ALIGN (0x4)
                0x000000002000052c                _ebss = .
                0x000000002000052c                __bss_end__ = _ebss

._user_heap_stack
                0x000000002000052c      0x604 load address 0x00000000080045b8
                0x0000000020000530                . = ALIGN (0x8)
 *fill*         0x000000002000052c        0x4 
                [!provide]                        PROVIDE (end = .)
                0x0000000020000530                PROVIDE (_end = .)
                0x0000000020000730                . = (. + _Min_Heap_Size)
 *fill*         0x0000000020000530      0x200 
                0x0000000020000b30                . = (. + _Min_Stack_Size)
 *fill*         0x0000000020000730      0x400 
                0x0000000020000b30                . = ALIGN (0x8)

/DISCARD/
 libc.a(*)
 libm.a(*)
 libgcc.a(*)

.ARM.attributes
                0x0000000000000000       0x30
 *(.ARM.attributes)
 .ARM.attributes
                0x0000000000000000       0x1e d:/st/stm32cubeide_1.7.0/stm32cubeide/plugins/com.st.stm32cube.ide.mcu.externaltools.gnu-tools-for-stm32.9-2020-q2-update.win32_2.0.0.202105311346/tools/bin/../lib/gcc/arm-none-eabi/9.3.1/thumb/v7e-m+fp/hard/crti.o
 .ARM.attributes
                0x000000000000001e       0x34 d:/st/stm32cubeide_1.7.0/stm32cubeide/plugins/com.st.stm32cube.ide.mcu.externaltools.gnu-tools-for-stm32.9-2020-q2-update.win32_2.0.0.202105311346/tools/bin/../lib/gcc/arm-none-eabi/9.3.1/thumb/v7e-m+fp/hard/crtbegin.o
 .ARM.attributes
                0x0000000000000052       0x34 ./Core/Src/BMXX80.o
 .ARM.attributes
                0x0000000000000086       0x34 ./Core/Src/main.o
 .ARM.attributes
                0x00000000000000ba       0x34 ./Core/Src/stm32f7xx_hal_msp.o
 .ARM.attributes
                0x00000000000000ee       0x34 ./Core/Src/stm32f7xx_it.o
 .ARM.attributes
                0x0000000000000122       0x34 ./Core/Src/system_stm32f7xx.o
 .ARM.attributes
                0x0000000000000156       0x21 ./Core/Startup/startup_stm32f746zgtx.o
 .ARM.attributes
                0x0000000000000177       0x34 ./Drivers/STM32F7xx_HAL_Driver/Src/stm32f7xx_hal.o
 .ARM.attributes
                0x00000000000001ab       0x34 ./Drivers/STM32F7xx_HAL_Driver/Src/stm32f7xx_hal_cortex.o
 .ARM.attributes
                0x00000000000001df       0x34 ./Drivers/STM32F7xx_HAL_Driver/Src/stm32f7xx_hal_gpio.o
 .ARM.attributes
                0x0000000000000213       0x34 ./Drivers/STM32F7xx_HAL_Driver/Src/stm32f7xx_hal_i2c.o
 .ARM.attributes
                0x0000000000000247       0x34 ./Drivers/STM32F7xx_HAL_Driver/Src/stm32f7xx_hal_i2c_ex.o
 .ARM.attributes
                0x000000000000027b       0x34 ./Drivers/STM32F7xx_HAL_Driver/Src/stm32f7xx_hal_pcd.o
 .ARM.attributes
                0x00000000000002af       0x34 ./Drivers/STM32F7xx_HAL_Driver/Src/stm32f7xx_hal_pcd_ex.o
 .ARM.attributes
                0x00000000000002e3       0x34 ./Drivers/STM32F7xx_HAL_Driver/Src/stm32f7xx_hal_pwr.o
 .ARM.attributes
                0x0000000000000317       0x34 ./Drivers/STM32F7xx_HAL_Driver/Src/stm32f7xx_hal_rcc.o
 .ARM.attributes
                0x000000000000034b       0x34 ./Drivers/STM32F7xx_HAL_Driver/Src/stm32f7xx_hal_rcc_ex.o
 .ARM.attributes
                0x000000000000037f       0x34 ./Drivers/STM32F7xx_HAL_Driver/Src/stm32f7xx_hal_uart.o
 .ARM.attributes
                0x00000000000003b3       0x34 ./Drivers/STM32F7xx_HAL_Driver/Src/stm32f7xx_ll_usb.o
 .ARM.attributes
                0x00000000000003e7       0x34 d:/st/stm32cubeide_1.7.0/stm32cubeide/plugins/com.st.stm32cube.ide.mcu.externaltools.gnu-tools-for-stm32.9-2020-q2-update.win32_2.0.0.202105311346/tools/bin/../lib/gcc/arm-none-eabi/9.3.1/../../../../arm-none-eabi/lib/thumb/v7e-m+fp/hard\libc_nano.a(lib_a-init.o)
 .ARM.attributes
                0x000000000000041b       0x34 d:/st/stm32cubeide_1.7.0/stm32cubeide/plugins/com.st.stm32cube.ide.mcu.externaltools.gnu-tools-for-stm32.9-2020-q2-update.win32_2.0.0.202105311346/tools/bin/../lib/gcc/arm-none-eabi/9.3.1/../../../../arm-none-eabi/lib/thumb/v7e-m+fp/hard\libc_nano.a(lib_a-memset.o)
 .ARM.attributes
                0x000000000000044f       0x1e d:/st/stm32cubeide_1.7.0/stm32cubeide/plugins/com.st.stm32cube.ide.mcu.externaltools.gnu-tools-for-stm32.9-2020-q2-update.win32_2.0.0.202105311346/tools/bin/../lib/gcc/arm-none-eabi/9.3.1/thumb/v7e-m+fp/hard\libgcc.a(_aeabi_uldivmod.o)
 .ARM.attributes
                0x000000000000046d       0x34 d:/st/stm32cubeide_1.7.0/stm32cubeide/plugins/com.st.stm32cube.ide.mcu.externaltools.gnu-tools-for-stm32.9-2020-q2-update.win32_2.0.0.202105311346/tools/bin/../lib/gcc/arm-none-eabi/9.3.1/thumb/v7e-m+fp/hard\libgcc.a(_udivmoddi4.o)
 .ARM.attributes
                0x00000000000004a1       0x1e d:/st/stm32cubeide_1.7.0/stm32cubeide/plugins/com.st.stm32cube.ide.mcu.externaltools.gnu-tools-for-stm32.9-2020-q2-update.win32_2.0.0.202105311346/tools/bin/../lib/gcc/arm-none-eabi/9.3.1/thumb/v7e-m+fp/hard\libgcc.a(_dvmd_tls.o)
 .ARM.attributes
                0x00000000000004bf       0x1e d:/st/stm32cubeide_1.7.0/stm32cubeide/plugins/com.st.stm32cube.ide.mcu.externaltools.gnu-tools-for-stm32.9-2020-q2-update.win32_2.0.0.202105311346/tools/bin/../lib/gcc/arm-none-eabi/9.3.1/thumb/v7e-m+fp/hard/crtn.o
OUTPUT(LED.elf elf32-littlearm)
LOAD linker stubs
LOAD d:/st/stm32cubeide_1.7.0/stm32cubeide/plugins/com.st.stm32cube.ide.mcu.externaltools.gnu-tools-for-stm32.9-2020-q2-update.win32_2.0.0.202105311346/tools/bin/../lib/gcc/arm-none-eabi/9.3.1/../../../../arm-none-eabi/lib/thumb/v7e-m+fp/hard\libc.a
LOAD d:/st/stm32cubeide_1.7.0/stm32cubeide/plugins/com.st.stm32cube.ide.mcu.externaltools.gnu-tools-for-stm32.9-2020-q2-update.win32_2.0.0.202105311346/tools/bin/../lib/gcc/arm-none-eabi/9.3.1/../../../../arm-none-eabi/lib/thumb/v7e-m+fp/hard\libm.a
LOAD d:/st/stm32cubeide_1.7.0/stm32cubeide/plugins/com.st.stm32cube.ide.mcu.externaltools.gnu-tools-for-stm32.9-2020-q2-update.win32_2.0.0.202105311346/tools/bin/../lib/gcc/arm-none-eabi/9.3.1/thumb/v7e-m+fp/hard\libgcc.a

.debug_info     0x0000000000000000    0x12bb9
 .debug_info    0x0000000000000000     0x14dd ./Core/Src/BMXX80.o
 .debug_info    0x00000000000014dd     0x159a ./Core/Src/main.o
 .debug_info    0x0000000000002a77     0x1643 ./Core/Src/stm32f7xx_hal_msp.o
 .debug_info    0x00000000000040ba      0x222 ./Core/Src/stm32f7xx_it.o
 .debug_info    0x00000000000042dc      0x7ad ./Core/Src/system_stm32f7xx.o
 .debug_info    0x0000000000004a89       0x22 ./Core/Startup/startup_stm32f746zgtx.o
 .debug_info    0x0000000000004aab      0xa42 ./Drivers/STM32F7xx_HAL_Driver/Src/stm32f7xx_hal.o
 .debug_info    0x00000000000054ed     0x1116 ./Drivers/STM32F7xx_HAL_Driver/Src/stm32f7xx_hal_cortex.o
 .debug_info    0x0000000000006603      0x868 ./Drivers/STM32F7xx_HAL_Driver/Src/stm32f7xx_hal_gpio.o
 .debug_info    0x0000000000006e6b     0x228e ./Drivers/STM32F7xx_HAL_Driver/Src/stm32f7xx_hal_i2c.o
 .debug_info    0x00000000000090f9      0xa8e ./Drivers/STM32F7xx_HAL_Driver/Src/stm32f7xx_hal_i2c_ex.o
 .debug_info    0x0000000000009b87     0x134f ./Drivers/STM32F7xx_HAL_Driver/Src/stm32f7xx_hal_pcd.o
 .debug_info    0x000000000000aed6      0x88b ./Drivers/STM32F7xx_HAL_Driver/Src/stm32f7xx_hal_pcd_ex.o
 .debug_info    0x000000000000b761      0xa4c ./Drivers/STM32F7xx_HAL_Driver/Src/stm32f7xx_hal_pwr.o
 .debug_info    0x000000000000c1ad      0x9cc ./Drivers/STM32F7xx_HAL_Driver/Src/stm32f7xx_hal_rcc.o
 .debug_info    0x000000000000cb79      0x82c ./Drivers/STM32F7xx_HAL_Driver/Src/stm32f7xx_hal_rcc_ex.o
 .debug_info    0x000000000000d3a5     0x3cd4 ./Drivers/STM32F7xx_HAL_Driver/Src/stm32f7xx_hal_uart.o
 .debug_info    0x0000000000011079     0x1b40 ./Drivers/STM32F7xx_HAL_Driver/Src/stm32f7xx_ll_usb.o

.debug_abbrev   0x0000000000000000     0x24be
 .debug_abbrev  0x0000000000000000      0x2de ./Core/Src/BMXX80.o
 .debug_abbrev  0x00000000000002de      0x27c ./Core/Src/main.o
 .debug_abbrev  0x000000000000055a      0x235 ./Core/Src/stm32f7xx_hal_msp.o
 .debug_abbrev  0x000000000000078f       0xd2 ./Core/Src/stm32f7xx_it.o
 .debug_abbrev  0x0000000000000861      0x165 ./Core/Src/system_stm32f7xx.o
 .debug_abbrev  0x00000000000009c6       0x12 ./Core/Startup/startup_stm32f746zgtx.o
 .debug_abbrev  0x00000000000009d8      0x1ed ./Drivers/STM32F7xx_HAL_Driver/Src/stm32f7xx_hal.o
 .debug_abbrev  0x0000000000000bc5      0x33c ./Drivers/STM32F7xx_HAL_Driver/Src/stm32f7xx_hal_cortex.o
 .debug_abbrev  0x0000000000000f01      0x1f1 ./Drivers/STM32F7xx_HAL_Driver/Src/stm32f7xx_hal_gpio.o
 .debug_abbrev  0x00000000000010f2      0x256 ./Drivers/STM32F7xx_HAL_Driver/Src/stm32f7xx_hal_i2c.o
 .debug_abbrev  0x0000000000001348      0x1bb ./Drivers/STM32F7xx_HAL_Driver/Src/stm32f7xx_hal_i2c_ex.o
 .debug_abbrev  0x0000000000001503      0x2a0 ./Drivers/STM32F7xx_HAL_Driver/Src/stm32f7xx_hal_pcd.o
 .debug_abbrev  0x00000000000017a3      0x1ea ./Drivers/STM32F7xx_HAL_Driver/Src/stm32f7xx_hal_pcd_ex.o
 .debug_abbrev  0x000000000000198d      0x1de ./Drivers/STM32F7xx_HAL_Driver/Src/stm32f7xx_hal_pwr.o
 .debug_abbrev  0x0000000000001b6b      0x246 ./Drivers/STM32F7xx_HAL_Driver/Src/stm32f7xx_hal_rcc.o
 .debug_abbrev  0x0000000000001db1      0x1d1 ./Drivers/STM32F7xx_HAL_Driver/Src/stm32f7xx_hal_rcc_ex.o
 .debug_abbrev  0x0000000000001f82      0x2b3 ./Drivers/STM32F7xx_HAL_Driver/Src/stm32f7xx_hal_uart.o
 .debug_abbrev  0x0000000000002235      0x289 ./Drivers/STM32F7xx_HAL_Driver/Src/stm32f7xx_ll_usb.o

.debug_aranges  0x0000000000000000      0xdb8
 .debug_aranges
                0x0000000000000000       0x70 ./Core/Src/BMXX80.o
 .debug_aranges
                0x0000000000000070       0x50 ./Core/Src/main.o
 .debug_aranges
                0x00000000000000c0       0x50 ./Core/Src/stm32f7xx_hal_msp.o
 .debug_aranges
                0x0000000000000110       0x60 ./Core/Src/stm32f7xx_it.o
 .debug_aranges
                0x0000000000000170       0x28 ./Core/Src/system_stm32f7xx.o
 .debug_aranges
                0x0000000000000198       0x28 ./Core/Startup/startup_stm32f746zgtx.o
 .debug_aranges
                0x00000000000001c0      0x100 ./Drivers/STM32F7xx_HAL_Driver/Src/stm32f7xx_hal.o
 .debug_aranges
                0x00000000000002c0      0x118 ./Drivers/STM32F7xx_HAL_Driver/Src/stm32f7xx_hal_cortex.o
 .debug_aranges
                0x00000000000003d8       0x58 ./Drivers/STM32F7xx_HAL_Driver/Src/stm32f7xx_hal_gpio.o
 .debug_aranges
                0x0000000000000430      0x290 ./Drivers/STM32F7xx_HAL_Driver/Src/stm32f7xx_hal_i2c.o
 .debug_aranges
                0x00000000000006c0       0x38 ./Drivers/STM32F7xx_HAL_Driver/Src/stm32f7xx_hal_i2c_ex.o
 .debug_aranges
                0x00000000000006f8      0x140 ./Drivers/STM32F7xx_HAL_Driver/Src/stm32f7xx_hal_pcd.o
 .debug_aranges
                0x0000000000000838       0x48 ./Drivers/STM32F7xx_HAL_Driver/Src/stm32f7xx_hal_pcd_ex.o
 .debug_aranges
                0x0000000000000880       0xa0 ./Drivers/STM32F7xx_HAL_Driver/Src/stm32f7xx_hal_pwr.o
 .debug_aranges
                0x0000000000000920       0x88 ./Drivers/STM32F7xx_HAL_Driver/Src/stm32f7xx_hal_rcc.o
 .debug_aranges
                0x00000000000009a8       0x50 ./Drivers/STM32F7xx_HAL_Driver/Src/stm32f7xx_hal_rcc_ex.o
 .debug_aranges
                0x00000000000009f8      0x228 ./Drivers/STM32F7xx_HAL_Driver/Src/stm32f7xx_hal_uart.o
 .debug_aranges
                0x0000000000000c20      0x198 ./Drivers/STM32F7xx_HAL_Driver/Src/stm32f7xx_ll_usb.o

.debug_ranges   0x0000000000000000      0xcd0
 .debug_ranges  0x0000000000000000       0x60 ./Core/Src/BMXX80.o
 .debug_ranges  0x0000000000000060       0x40 ./Core/Src/main.o
 .debug_ranges  0x00000000000000a0       0x40 ./Core/Src/stm32f7xx_hal_msp.o
 .debug_ranges  0x00000000000000e0       0x50 ./Core/Src/stm32f7xx_it.o
 .debug_ranges  0x0000000000000130       0x18 ./Core/Src/system_stm32f7xx.o
 .debug_ranges  0x0000000000000148       0x20 ./Core/Startup/startup_stm32f746zgtx.o
 .debug_ranges  0x0000000000000168       0xf0 ./Drivers/STM32F7xx_HAL_Driver/Src/stm32f7xx_hal.o
 .debug_ranges  0x0000000000000258      0x108 ./Drivers/STM32F7xx_HAL_Driver/Src/stm32f7xx_hal_cortex.o
 .debug_ranges  0x0000000000000360       0x48 ./Drivers/STM32F7xx_HAL_Driver/Src/stm32f7xx_hal_gpio.o
 .debug_ranges  0x00000000000003a8      0x280 ./Drivers/STM32F7xx_HAL_Driver/Src/stm32f7xx_hal_i2c.o
 .debug_ranges  0x0000000000000628       0x28 ./Drivers/STM32F7xx_HAL_Driver/Src/stm32f7xx_hal_i2c_ex.o
 .debug_ranges  0x0000000000000650      0x130 ./Drivers/STM32F7xx_HAL_Driver/Src/stm32f7xx_hal_pcd.o
 .debug_ranges  0x0000000000000780       0x38 ./Drivers/STM32F7xx_HAL_Driver/Src/stm32f7xx_hal_pcd_ex.o
 .debug_ranges  0x00000000000007b8       0x90 ./Drivers/STM32F7xx_HAL_Driver/Src/stm32f7xx_hal_pwr.o
 .debug_ranges  0x0000000000000848       0x78 ./Drivers/STM32F7xx_HAL_Driver/Src/stm32f7xx_hal_rcc.o
 .debug_ranges  0x00000000000008c0       0x40 ./Drivers/STM32F7xx_HAL_Driver/Src/stm32f7xx_hal_rcc_ex.o
 .debug_ranges  0x0000000000000900      0x248 ./Drivers/STM32F7xx_HAL_Driver/Src/stm32f7xx_hal_uart.o
 .debug_ranges  0x0000000000000b48      0x188 ./Drivers/STM32F7xx_HAL_Driver/Src/stm32f7xx_ll_usb.o

.debug_macro    0x0000000000000000    0x25dcc
 .debug_macro   0x0000000000000000      0x2b5 ./Core/Src/BMXX80.o
 .debug_macro   0x00000000000002b5      0xaa8 ./Core/Src/BMXX80.o
 .debug_macro   0x0000000000000d5d      0x293 ./Core/Src/BMXX80.o
 .debug_macro   0x0000000000000ff0       0x2e ./Core/Src/BMXX80.o
 .debug_macro   0x000000000000101e       0x3b ./Core/Src/BMXX80.o
 .debug_macro   0x0000000000001059       0x22 ./Core/Src/BMXX80.o
 .debug_macro   0x000000000000107b       0x8e ./Core/Src/BMXX80.o
 .debug_macro   0x0000000000001109       0x51 ./Core/Src/BMXX80.o
 .debug_macro   0x000000000000115a      0x103 ./Core/Src/BMXX80.o
 .debug_macro   0x000000000000125d       0x6a ./Core/Src/BMXX80.o
 .debug_macro   0x00000000000012c7      0x1df ./Core/Src/BMXX80.o
 .debug_macro   0x00000000000014a6       0x1c ./Core/Src/BMXX80.o
 .debug_macro   0x00000000000014c2       0x22 ./Core/Src/BMXX80.o
 .debug_macro   0x00000000000014e4       0xdf ./Core/Src/BMXX80.o
 .debug_macro   0x00000000000015c3     0x12cd ./Core/Src/BMXX80.o
 .debug_macro   0x0000000000002890      0x11f ./Core/Src/BMXX80.o
 .debug_macro   0x00000000000029af       0x19 ./Core/Src/BMXX80.o
 .debug_macro   0x00000000000029c8    0x191da ./Core/Src/BMXX80.o
 .debug_macro   0x000000000001bba2       0x6d ./Core/Src/BMXX80.o
 .debug_macro   0x000000000001bc0f     0x3714 ./Core/Src/BMXX80.o
 .debug_macro   0x000000000001f323      0x174 ./Core/Src/BMXX80.o
 .debug_macro   0x000000000001f497       0x63 ./Core/Src/BMXX80.o
 .debug_macro   0x000000000001f4fa     0x18ad ./Core/Src/BMXX80.o
 .debug_macro   0x0000000000020da7      0x6c4 ./Core/Src/BMXX80.o
 .debug_macro   0x000000000002146b      0x185 ./Core/Src/BMXX80.o
 .debug_macro   0x00000000000215f0      0x115 ./Core/Src/BMXX80.o
 .debug_macro   0x0000000000021705      0x1fd ./Core/Src/BMXX80.o
 .debug_macro   0x0000000000021902       0xa5 ./Core/Src/BMXX80.o
 .debug_macro   0x00000000000219a7      0x24f ./Core/Src/BMXX80.o
 .debug_macro   0x0000000000021bf6       0x41 ./Core/Src/BMXX80.o
 .debug_macro   0x0000000000021c37       0x58 ./Core/Src/BMXX80.o
 .debug_macro   0x0000000000021c8f      0x236 ./Core/Src/BMXX80.o
 .debug_macro   0x0000000000021ec5      0x14e ./Core/Src/BMXX80.o
 .debug_macro   0x0000000000022013      0x25a ./Core/Src/BMXX80.o
 .debug_macro   0x000000000002226d       0x12 ./Core/Src/BMXX80.o
 .debug_macro   0x000000000002227f      0x22c ./Core/Src/BMXX80.o
 .debug_macro   0x00000000000224ab       0x61 ./Core/Src/BMXX80.o
 .debug_macro   0x000000000002250c       0xa5 ./Core/Src/BMXX80.o
 .debug_macro   0x00000000000225b1      0x12e ./Core/Src/BMXX80.o
 .debug_macro   0x00000000000226df      0x108 ./Core/Src/BMXX80.o
 .debug_macro   0x00000000000227e7       0x35 ./Core/Src/BMXX80.o
 .debug_macro   0x000000000002281c      0x558 ./Core/Src/BMXX80.o
 .debug_macro   0x0000000000022d74       0x44 ./Core/Src/BMXX80.o
 .debug_macro   0x0000000000022db8      0x256 ./Core/Src/BMXX80.o
 .debug_macro   0x000000000002300e       0xba ./Core/Src/BMXX80.o
 .debug_macro   0x00000000000230c8      0x14d ./Core/Src/BMXX80.o
 .debug_macro   0x0000000000023215      0x13c ./Core/Src/BMXX80.o
 .debug_macro   0x0000000000023351      0x158 ./Core/Src/BMXX80.o
 .debug_macro   0x00000000000234a9       0x52 ./Core/Src/BMXX80.o
 .debug_macro   0x00000000000234fb       0x18 ./Core/Src/BMXX80.o
 .debug_macro   0x0000000000023513       0x3c ./Core/Src/BMXX80.o
 .debug_macro   0x000000000002354f       0x34 ./Core/Src/BMXX80.o
 .debug_macro   0x0000000000023583       0x16 ./Core/Src/BMXX80.o
 .debug_macro   0x0000000000023599       0x43 ./Core/Src/BMXX80.o
 .debug_macro   0x00000000000235dc       0x34 ./Core/Src/BMXX80.o
 .debug_macro   0x0000000000023610       0x10 ./Core/Src/BMXX80.o
 .debug_macro   0x0000000000023620       0x58 ./Core/Src/BMXX80.o
 .debug_macro   0x0000000000023678       0x71 ./Core/Src/BMXX80.o
 .debug_macro   0x00000000000236e9       0x1c ./Core/Src/BMXX80.o
 .debug_macro   0x0000000000023705      0x12a ./Core/Src/BMXX80.o
 .debug_macro   0x000000000002382f      0x333 ./Core/Src/BMXX80.o
 .debug_macro   0x0000000000023b62      0x1a9 ./Core/Src/BMXX80.o
 .debug_macro   0x0000000000023d0b      0x20a ./Core/Src/main.o
 .debug_macro   0x0000000000023f15      0x201 ./Core/Src/stm32f7xx_hal_msp.o
 .debug_macro   0x0000000000024116      0x20b ./Core/Src/stm32f7xx_it.o
 .debug_macro   0x0000000000024321      0x1f2 ./Core/Src/system_stm32f7xx.o
 .debug_macro   0x0000000000024513      0x216 ./Drivers/STM32F7xx_HAL_Driver/Src/stm32f7xx_hal.o
 .debug_macro   0x0000000000024729      0x1f2 ./Drivers/STM32F7xx_HAL_Driver/Src/stm32f7xx_hal_cortex.o
 .debug_macro   0x000000000002491b      0x1f8 ./Drivers/STM32F7xx_HAL_Driver/Src/stm32f7xx_hal_gpio.o
 .debug_macro   0x0000000000024b13      0x2be ./Drivers/STM32F7xx_HAL_Driver/Src/stm32f7xx_hal_i2c.o
 .debug_macro   0x0000000000024dd1      0x1f2 ./Drivers/STM32F7xx_HAL_Driver/Src/stm32f7xx_hal_i2c_ex.o
 .debug_macro   0x0000000000024fc3      0x1fe ./Drivers/STM32F7xx_HAL_Driver/Src/stm32f7xx_hal_pcd.o
 .debug_macro   0x00000000000251c1      0x1f2 ./Drivers/STM32F7xx_HAL_Driver/Src/stm32f7xx_hal_pcd_ex.o
 .debug_macro   0x00000000000253b3      0x210 ./Drivers/STM32F7xx_HAL_Driver/Src/stm32f7xx_hal_pwr.o
 .debug_macro   0x00000000000255c3      0x216 ./Drivers/STM32F7xx_HAL_Driver/Src/stm32f7xx_hal_rcc.o
 .debug_macro   0x00000000000257d9      0x1f2 ./Drivers/STM32F7xx_HAL_Driver/Src/stm32f7xx_hal_rcc_ex.o
 .debug_macro   0x00000000000259cb      0x20f ./Drivers/STM32F7xx_HAL_Driver/Src/stm32f7xx_hal_uart.o
 .debug_macro   0x0000000000025bda      0x1f2 ./Drivers/STM32F7xx_HAL_Driver/Src/stm32f7xx_ll_usb.o

.debug_line     0x0000000000000000    0x117ba
 .debug_line    0x0000000000000000      0xbe6 ./Core/Src/BMXX80.o
 .debug_line    0x0000000000000be6      0x8f5 ./Core/Src/main.o
 .debug_line    0x00000000000014db      0x836 ./Core/Src/stm32f7xx_hal_msp.o
 .debug_line    0x0000000000001d11      0x7ca ./Core/Src/stm32f7xx_it.o
 .debug_line    0x00000000000024db      0x787 ./Core/Src/system_stm32f7xx.o
 .debug_line    0x0000000000002c62       0x88 ./Core/Startup/startup_stm32f746zgtx.o
 .debug_line    0x0000000000002cea      0xa18 ./Drivers/STM32F7xx_HAL_Driver/Src/stm32f7xx_hal.o
 .debug_line    0x0000000000003702      0xc9e ./Drivers/STM32F7xx_HAL_Driver/Src/stm32f7xx_hal_cortex.o
 .debug_line    0x00000000000043a0      0xb8c ./Drivers/STM32F7xx_HAL_Driver/Src/stm32f7xx_hal_gpio.o
 .debug_line    0x0000000000004f2c     0x33bd ./Drivers/STM32F7xx_HAL_Driver/Src/stm32f7xx_hal_i2c.o
 .debug_line    0x00000000000082e9      0x843 ./Drivers/STM32F7xx_HAL_Driver/Src/stm32f7xx_hal_i2c_ex.o
 .debug_line    0x0000000000008b2c     0x1334 ./Drivers/STM32F7xx_HAL_Driver/Src/stm32f7xx_hal_pcd.o
 .debug_line    0x0000000000009e60      0x819 ./Drivers/STM32F7xx_HAL_Driver/Src/stm32f7xx_hal_pcd_ex.o
 .debug_line    0x000000000000a679      0x91c ./Drivers/STM32F7xx_HAL_Driver/Src/stm32f7xx_hal_pwr.o
 .debug_line    0x000000000000af95      0xe5b ./Drivers/STM32F7xx_HAL_Driver/Src/stm32f7xx_hal_rcc.o
 .debug_line    0x000000000000bdf0      0xe14 ./Drivers/STM32F7xx_HAL_Driver/Src/stm32f7xx_hal_rcc_ex.o
 .debug_line    0x000000000000cc04     0x31e2 ./Drivers/STM32F7xx_HAL_Driver/Src/stm32f7xx_hal_uart.o
 .debug_line    0x000000000000fde6     0x19d4 ./Drivers/STM32F7xx_HAL_Driver/Src/stm32f7xx_ll_usb.o

.debug_str      0x0000000000000000    0xe9553
 .debug_str     0x0000000000000000    0xe4f0e ./Core/Src/BMXX80.o
                                      0xe577d (size before relaxing)
 .debug_str     0x00000000000e4f0e      0x87f ./Core/Src/main.o
                                      0xe24a1 (size before relaxing)
 .debug_str     0x00000000000e578d      0x2e9 ./Core/Src/stm32f7xx_hal_msp.o
                                      0xe217f (size before relaxing)
 .debug_str     0x00000000000e5a76       0xbd ./Core/Src/stm32f7xx_it.o
                                      0xe131e (size before relaxing)
 .debug_str     0x00000000000e5b33      0x178 ./Core/Src/system_stm32f7xx.o
                                      0xe1000 (size before relaxing)
 .debug_str     0x00000000000e5cab       0x36 ./Core/Startup/startup_stm32f746zgtx.o
                                         0x6b (size before relaxing)
 .debug_str     0x00000000000e5ce1      0x908 ./Drivers/STM32F7xx_HAL_Driver/Src/stm32f7xx_hal.o
                                      0xe18c7 (size before relaxing)
 .debug_str     0x00000000000e65e9      0x38f ./Drivers/STM32F7xx_HAL_Driver/Src/stm32f7xx_hal_cortex.o
                                      0xe196e (size before relaxing)
 .debug_str     0x00000000000e6978      0x143 ./Drivers/STM32F7xx_HAL_Driver/Src/stm32f7xx_hal_gpio.o
                                      0xe10ea (size before relaxing)
 .debug_str     0x00000000000e6abb      0xd9c ./Drivers/STM32F7xx_HAL_Driver/Src/stm32f7xx_hal_i2c.o
                                      0xe21b3 (size before relaxing)
 .debug_str     0x00000000000e7857       0x89 ./Drivers/STM32F7xx_HAL_Driver/Src/stm32f7xx_hal_i2c_ex.o
                                      0xe14d2 (size before relaxing)
 .debug_str     0x00000000000e78e0      0x565 ./Drivers/STM32F7xx_HAL_Driver/Src/stm32f7xx_hal_pcd.o
                                      0xe174c (size before relaxing)
 .debug_str     0x00000000000e7e45      0x16d ./Drivers/STM32F7xx_HAL_Driver/Src/stm32f7xx_hal_pcd_ex.o
                                      0xe1322 (size before relaxing)
 .debug_str     0x00000000000e7fb2      0x2c5 ./Drivers/STM32F7xx_HAL_Driver/Src/stm32f7xx_hal_pwr.o
                                      0xe12cd (size before relaxing)
 .debug_str     0x00000000000e8277      0x26d ./Drivers/STM32F7xx_HAL_Driver/Src/stm32f7xx_hal_rcc.o
                                      0xe1330 (size before relaxing)
 .debug_str     0x00000000000e84e4      0x169 ./Drivers/STM32F7xx_HAL_Driver/Src/stm32f7xx_hal_rcc_ex.o
                                      0xe12ba (size before relaxing)
 .debug_str     0x00000000000e864d      0x863 ./Drivers/STM32F7xx_HAL_Driver/Src/stm32f7xx_hal_uart.o
                                      0xe1c24 (size before relaxing)
 .debug_str     0x00000000000e8eb0      0x6a3 ./Drivers/STM32F7xx_HAL_Driver/Src/stm32f7xx_ll_usb.o
                                      0xe187e (size before relaxing)

.comment        0x0000000000000000       0x53
 .comment       0x0000000000000000       0x53 ./Core/Src/BMXX80.o
                                         0x54 (size before relaxing)
 .comment       0x0000000000000053       0x54 ./Core/Src/main.o
 .comment       0x0000000000000053       0x54 ./Core/Src/stm32f7xx_hal_msp.o
 .comment       0x0000000000000053       0x54 ./Core/Src/stm32f7xx_it.o
 .comment       0x0000000000000053       0x54 ./Core/Src/system_stm32f7xx.o
 .comment       0x0000000000000053       0x54 ./Drivers/STM32F7xx_HAL_Driver/Src/stm32f7xx_hal.o
 .comment       0x0000000000000053       0x54 ./Drivers/STM32F7xx_HAL_Driver/Src/stm32f7xx_hal_cortex.o
 .comment       0x0000000000000053       0x54 ./Drivers/STM32F7xx_HAL_Driver/Src/stm32f7xx_hal_gpio.o
 .comment       0x0000000000000053       0x54 ./Drivers/STM32F7xx_HAL_Driver/Src/stm32f7xx_hal_i2c.o
 .comment       0x0000000000000053       0x54 ./Drivers/STM32F7xx_HAL_Driver/Src/stm32f7xx_hal_i2c_ex.o
 .comment       0x0000000000000053       0x54 ./Drivers/STM32F7xx_HAL_Driver/Src/stm32f7xx_hal_pcd.o
 .comment       0x0000000000000053       0x54 ./Drivers/STM32F7xx_HAL_Driver/Src/stm32f7xx_hal_pcd_ex.o
 .comment       0x0000000000000053       0x54 ./Drivers/STM32F7xx_HAL_Driver/Src/stm32f7xx_hal_pwr.o
 .comment       0x0000000000000053       0x54 ./Drivers/STM32F7xx_HAL_Driver/Src/stm32f7xx_hal_rcc.o
 .comment       0x0000000000000053       0x54 ./Drivers/STM32F7xx_HAL_Driver/Src/stm32f7xx_hal_rcc_ex.o
 .comment       0x0000000000000053       0x54 ./Drivers/STM32F7xx_HAL_Driver/Src/stm32f7xx_hal_uart.o
 .comment       0x0000000000000053       0x54 ./Drivers/STM32F7xx_HAL_Driver/Src/stm32f7xx_ll_usb.o

.debug_frame    0x0000000000000000     0x3968
 .debug_frame   0x0000000000000000      0x1bc ./Core/Src/BMXX80.o
 .debug_frame   0x00000000000001bc       0xe0 ./Core/Src/main.o
 .debug_frame   0x000000000000029c      0x11c ./Core/Src/stm32f7xx_hal_msp.o
 .debug_frame   0x00000000000003b8      0x104 ./Core/Src/stm32f7xx_it.o
 .debug_frame   0x00000000000004bc       0x58 ./Core/Src/system_stm32f7xx.o
 .debug_frame   0x0000000000000514      0x3b4 ./Drivers/STM32F7xx_HAL_Driver/Src/stm32f7xx_hal.o
 .debug_frame   0x00000000000008c8      0x498 ./Drivers/STM32F7xx_HAL_Driver/Src/stm32f7xx_hal_cortex.o
 .debug_frame   0x0000000000000d60      0x14c ./Drivers/STM32F7xx_HAL_Driver/Src/stm32f7xx_hal_gpio.o
 .debug_frame   0x0000000000000eac      0xbe8 ./Drivers/STM32F7xx_HAL_Driver/Src/stm32f7xx_hal_i2c.o
 .debug_frame   0x0000000000001a94       0xb0 ./Drivers/STM32F7xx_HAL_Driver/Src/stm32f7xx_hal_i2c_ex.o
 .debug_frame   0x0000000000001b44      0x59c ./Drivers/STM32F7xx_HAL_Driver/Src/stm32f7xx_hal_pcd.o
 .debug_frame   0x00000000000020e0      0x100 ./Drivers/STM32F7xx_HAL_Driver/Src/stm32f7xx_hal_pcd_ex.o
 .debug_frame   0x00000000000021e0      0x254 ./Drivers/STM32F7xx_HAL_Driver/Src/stm32f7xx_hal_pwr.o
 .debug_frame   0x0000000000002434      0x1f4 ./Drivers/STM32F7xx_HAL_Driver/Src/stm32f7xx_hal_rcc.o
 .debug_frame   0x0000000000002628      0x118 ./Drivers/STM32F7xx_HAL_Driver/Src/stm32f7xx_hal_rcc_ex.o
 .debug_frame   0x0000000000002740      0x9e4 ./Drivers/STM32F7xx_HAL_Driver/Src/stm32f7xx_hal_uart.o
 .debug_frame   0x0000000000003124      0x798 ./Drivers/STM32F7xx_HAL_Driver/Src/stm32f7xx_ll_usb.o
 .debug_frame   0x00000000000038bc       0x2c d:/st/stm32cubeide_1.7.0/stm32cubeide/plugins/com.st.stm32cube.ide.mcu.externaltools.gnu-tools-for-stm32.9-2020-q2-update.win32_2.0.0.202105311346/tools/bin/../lib/gcc/arm-none-eabi/9.3.1/../../../../arm-none-eabi/lib/thumb/v7e-m+fp/hard\libc_nano.a(lib_a-init.o)
 .debug_frame   0x00000000000038e8       0x20 d:/st/stm32cubeide_1.7.0/stm32cubeide/plugins/com.st.stm32cube.ide.mcu.externaltools.gnu-tools-for-stm32.9-2020-q2-update.win32_2.0.0.202105311346/tools/bin/../lib/gcc/arm-none-eabi/9.3.1/../../../../arm-none-eabi/lib/thumb/v7e-m+fp/hard\libc_nano.a(lib_a-memset.o)
 .debug_frame   0x0000000000003908       0x2c d:/st/stm32cubeide_1.7.0/stm32cubeide/plugins/com.st.stm32cube.ide.mcu.externaltools.gnu-tools-for-stm32.9-2020-q2-update.win32_2.0.0.202105311346/tools/bin/../lib/gcc/arm-none-eabi/9.3.1/thumb/v7e-m+fp/hard\libgcc.a(_aeabi_uldivmod.o)
 .debug_frame   0x0000000000003934       0x34 d:/st/stm32cubeide_1.7.0/stm32cubeide/plugins/com.st.stm32cube.ide.mcu.externaltools.gnu-tools-for-stm32.9-2020-q2-update.win32_2.0.0.202105311346/tools/bin/../lib/gcc/arm-none-eabi/9.3.1/thumb/v7e-m+fp/hard\libgcc.a(_udivmoddi4.o)
