Archive member included to satisfy reference by file (symbol)

d:/st/stm32cubeide_1.7.0/stm32cubeide/plugins/com.st.stm32cube.ide.mcu.externaltools.gnu-tools-for-stm32.9-2020-q2-update.win32_2.0.0.202105311346/tools/bin/../lib/gcc/arm-none-eabi/9.3.1/../../../../arm-none-eabi/lib/thumb/v7e-m+fp/hard\libc_nano.a(lib_a-errno.o)
                              ./Core/Src/syscalls.o (__errno)
d:/st/stm32cubeide_1.7.0/stm32cubeide/plugins/com.st.stm32cube.ide.mcu.externaltools.gnu-tools-for-stm32.9-2020-q2-update.win32_2.0.0.202105311346/tools/bin/../lib/gcc/arm-none-eabi/9.3.1/../../../../arm-none-eabi/lib/thumb/v7e-m+fp/hard\libc_nano.a(lib_a-exit.o)
                              d:/st/stm32cubeide_1.7.0/stm32cubeide/plugins/com.st.stm32cube.ide.mcu.externaltools.gnu-tools-for-stm32.9-2020-q2-update.win32_2.0.0.202105311346/tools/bin/../lib/gcc/arm-none-eabi/9.3.1/../../../../arm-none-eabi/lib/thumb/v7e-m+fp/hard/crt0.o (exit)
d:/st/stm32cubeide_1.7.0/stm32cubeide/plugins/com.st.stm32cube.ide.mcu.externaltools.gnu-tools-for-stm32.9-2020-q2-update.win32_2.0.0.202105311346/tools/bin/../lib/gcc/arm-none-eabi/9.3.1/../../../../arm-none-eabi/lib/thumb/v7e-m+fp/hard\libc_nano.a(lib_a-impure.o)
                              d:/st/stm32cubeide_1.7.0/stm32cubeide/plugins/com.st.stm32cube.ide.mcu.externaltools.gnu-tools-for-stm32.9-2020-q2-update.win32_2.0.0.202105311346/tools/bin/../lib/gcc/arm-none-eabi/9.3.1/../../../../arm-none-eabi/lib/thumb/v7e-m+fp/hard\libc_nano.a(lib_a-exit.o) (_global_impure_ptr)
d:/st/stm32cubeide_1.7.0/stm32cubeide/plugins/com.st.stm32cube.ide.mcu.externaltools.gnu-tools-for-stm32.9-2020-q2-update.win32_2.0.0.202105311346/tools/bin/../lib/gcc/arm-none-eabi/9.3.1/../../../../arm-none-eabi/lib/thumb/v7e-m+fp/hard\libc_nano.a(lib_a-init.o)
                              d:/st/stm32cubeide_1.7.0/stm32cubeide/plugins/com.st.stm32cube.ide.mcu.externaltools.gnu-tools-for-stm32.9-2020-q2-update.win32_2.0.0.202105311346/tools/bin/../lib/gcc/arm-none-eabi/9.3.1/../../../../arm-none-eabi/lib/thumb/v7e-m+fp/hard/crt0.o (__libc_init_array)
d:/st/stm32cubeide_1.7.0/stm32cubeide/plugins/com.st.stm32cube.ide.mcu.externaltools.gnu-tools-for-stm32.9-2020-q2-update.win32_2.0.0.202105311346/tools/bin/../lib/gcc/arm-none-eabi/9.3.1/../../../../arm-none-eabi/lib/thumb/v7e-m+fp/hard\libc_nano.a(lib_a-memset.o)
                              d:/st/stm32cubeide_1.7.0/stm32cubeide/plugins/com.st.stm32cube.ide.mcu.externaltools.gnu-tools-for-stm32.9-2020-q2-update.win32_2.0.0.202105311346/tools/bin/../lib/gcc/arm-none-eabi/9.3.1/../../../../arm-none-eabi/lib/thumb/v7e-m+fp/hard/crt0.o (memset)
d:/st/stm32cubeide_1.7.0/stm32cubeide/plugins/com.st.stm32cube.ide.mcu.externaltools.gnu-tools-for-stm32.9-2020-q2-update.win32_2.0.0.202105311346/tools/bin/../lib/gcc/arm-none-eabi/9.3.1/../../../../arm-none-eabi/lib/thumb/v7e-m+fp/hard\libm.a(lib_a-w_pow.o)
                              ./Core/Src/BMXX80.o (pow)
d:/st/stm32cubeide_1.7.0/stm32cubeide/plugins/com.st.stm32cube.ide.mcu.externaltools.gnu-tools-for-stm32.9-2020-q2-update.win32_2.0.0.202105311346/tools/bin/../lib/gcc/arm-none-eabi/9.3.1/../../../../arm-none-eabi/lib/thumb/v7e-m+fp/hard\libm.a(lib_a-e_pow.o)
                              d:/st/stm32cubeide_1.7.0/stm32cubeide/plugins/com.st.stm32cube.ide.mcu.externaltools.gnu-tools-for-stm32.9-2020-q2-update.win32_2.0.0.202105311346/tools/bin/../lib/gcc/arm-none-eabi/9.3.1/../../../../arm-none-eabi/lib/thumb/v7e-m+fp/hard\libm.a(lib_a-w_pow.o) (__ieee754_pow)
d:/st/stm32cubeide_1.7.0/stm32cubeide/plugins/com.st.stm32cube.ide.mcu.externaltools.gnu-tools-for-stm32.9-2020-q2-update.win32_2.0.0.202105311346/tools/bin/../lib/gcc/arm-none-eabi/9.3.1/../../../../arm-none-eabi/lib/thumb/v7e-m+fp/hard\libm.a(lib_a-e_sqrt.o)
                              d:/st/stm32cubeide_1.7.0/stm32cubeide/plugins/com.st.stm32cube.ide.mcu.externaltools.gnu-tools-for-stm32.9-2020-q2-update.win32_2.0.0.202105311346/tools/bin/../lib/gcc/arm-none-eabi/9.3.1/../../../../arm-none-eabi/lib/thumb/v7e-m+fp/hard\libm.a(lib_a-e_pow.o) (__ieee754_sqrt)
d:/st/stm32cubeide_1.7.0/stm32cubeide/plugins/com.st.stm32cube.ide.mcu.externaltools.gnu-tools-for-stm32.9-2020-q2-update.win32_2.0.0.202105311346/tools/bin/../lib/gcc/arm-none-eabi/9.3.1/../../../../arm-none-eabi/lib/thumb/v7e-m+fp/hard\libm.a(lib_a-s_fabs.o)
                              d:/st/stm32cubeide_1.7.0/stm32cubeide/plugins/com.st.stm32cube.ide.mcu.externaltools.gnu-tools-for-stm32.9-2020-q2-update.win32_2.0.0.202105311346/tools/bin/../lib/gcc/arm-none-eabi/9.3.1/../../../../arm-none-eabi/lib/thumb/v7e-m+fp/hard\libm.a(lib_a-e_pow.o) (fabs)
d:/st/stm32cubeide_1.7.0/stm32cubeide/plugins/com.st.stm32cube.ide.mcu.externaltools.gnu-tools-for-stm32.9-2020-q2-update.win32_2.0.0.202105311346/tools/bin/../lib/gcc/arm-none-eabi/9.3.1/../../../../arm-none-eabi/lib/thumb/v7e-m+fp/hard\libm.a(lib_a-s_finite.o)
[...]
Memory Configuration

Name             Origin             Length             Attributes
RAM              0x0000000020000000 0x0000000000050000 xrw
FLASH            0x0000000008000000 0x0000000000100000 xr
*default*        0x0000000000000000 0xffffffffffffffff

Linker script and memory map

LOAD d:/st/stm32cubeide_1.7.0/stm32cubeide/plugins/com.st.stm32cube.ide.mcu.externaltools.gnu-tools-for-stm32.9-2020-q2-update.win32_2.0.0.202105311346/tools/bin/../lib/gcc/arm-none-eabi/9.3.1/thumb/v7e-m+fp/hard/crti.o
LOAD d:/st/stm32cubeide_1.7.0/stm32cubeide/plugins/com.st.stm32cube.ide.mcu.externaltools.gnu-tools-for-stm32.9-2020-q2-update.win32_2.0.0.202105311346/tools/bin/../lib/gcc/arm-none-eabi/9.3.1/thumb/v7e-m+fp/hard/crtbegin.o
LOAD d:/st/stm32cubeide_1.7.0/stm32cubeide/plugins/com.st.stm32cube.ide.mcu.externaltools.gnu-tools-for-stm32.9-2020-q2-update.win32_2.0.0.202105311346/tools/bin/../lib/gcc/arm-none-eabi/9.3.1/../../../../arm-none-eabi/lib/thumb/v7e-m+fp/hard/crt0.o
LOAD ./Core/Src/BMXX80.o
LOAD ./Core/Src/TM1637.o
LOAD ./Core/Src/main.o
LOAD ./Core/Src/stm32f7xx_hal_msp.o
LOAD ./Core/Src/stm32f7xx_it.o
LOAD ./Core/Src/syscalls.o
LOAD ./Core/Src/sysmem.o
LOAD ./Core/Src/system_stm32f7xx.o
LOAD ./Core/Startup/startup_stm32f746zgtx.o
LOAD ./Drivers/STM32F7xx_HAL_Driver/Src/stm32f7xx_hal.o
LOAD ./Drivers/STM32F7xx_HAL_Driver/Src/stm32f7xx_hal_cortex.o
LOAD ./Drivers/STM32F7xx_HAL_Driver/Src/stm32f7xx_hal_dma.o
LOAD ./Drivers/STM32F7xx_HAL_Driver/Src/stm32f7xx_hal_dma_ex.o
LOAD ./Drivers/STM32F7xx_HAL_Driver/Src/stm32f7xx_hal_exti.o
LOAD ./Drivers/STM32F7xx_HAL_Driver/Src/stm32f7xx_hal_flash.o
LOAD ./Drivers/STM32F7xx_HAL_Driver/Src/stm32f7xx_hal_flash_ex.o
LOAD ./Drivers/STM32F7xx_HAL_Driver/Src/stm32f7xx_hal_gpio.o
LOAD ./Drivers/STM32F7xx_HAL_Driver/Src/stm32f7xx_hal_i2c.o
LOAD ./Drivers/STM32F7xx_HAL_Driver/Src/stm32f7xx_hal_i2c_ex.o
LOAD ./Drivers/STM32F7xx_HAL_Driver/Src/stm32f7xx_hal_pcd.o
LOAD ./Drivers/STM32F7xx_HAL_Driver/Src/stm32f7xx_hal_pcd_ex.o
LOAD ./Drivers/STM32F7xx_HAL_Driver/Src/stm32f7xx_hal_pwr.o
LOAD ./Drivers/STM32F7xx_HAL_Driver/Src/stm32f7xx_hal_pwr_ex.o
LOAD ./Drivers/STM32F7xx_HAL_Driver/Src/stm32f7xx_hal_rcc.o
LOAD ./Drivers/STM32F7xx_HAL_Driver/Src/stm32f7xx_hal_rcc_ex.o
LOAD ./Drivers/STM32F7xx_HAL_Driver/Src/stm32f7xx_hal_tim.o
LOAD ./Drivers/STM32F7xx_HAL_Driver/Src/stm32f7xx_hal_tim_ex.o
LOAD ./Drivers/STM32F7xx_HAL_Driver/Src/stm32f7xx_hal_uart.o
LOAD ./Drivers/STM32F7xx_HAL_Driver/Src/stm32f7xx_hal_uart_ex.o
LOAD ./Drivers/STM32F7xx_HAL_Driver/Src/stm32f7xx_ll_usb.o
START GROUP
LOAD d:/st/stm32cubeide_1.7.0/stm32cubeide/plugins/com.st.stm32cube.ide.mcu.externaltools.gnu-tools-for-stm32.9-2020-q2-update.win32_2.0.0.202105311346/tools/bin/../lib/gcc/arm-none-eabi/9.3.1/../../../../arm-none-eabi/lib/thumb/v7e-m+fp/hard\libc_nano.a
LOAD d:/st/stm32cubeide_1.7.0/stm32cubeide/plugins/com.st.stm32cube.ide.mcu.externaltools.gnu-tools-for-stm32.9-2020-q2-update.win32_2.0.0.202105311346/tools/bin/../lib/gcc/arm-none-eabi/9.3.1/../../../../arm-none-eabi/lib/thumb/v7e-m+fp/hard\libm.a
END GROUP
START GROUP
LOAD d:/st/stm32cubeide_1.7.0/stm32cubeide/plugins/com.st.stm32cube.ide.mcu.externaltools.gnu-tools-for-stm32.9-2020-q2-update.win32_2.0.0.202105311346/tools/bin/../lib/gcc/arm-none-eabi/9.3.1/thumb/v7e-m+fp/hard\libgcc.a
LOAD d:/st/stm32cubeide_1.7.0/stm32cubeide/plugins/com.st.stm32cube.ide.mcu.externaltools.gnu-tools-for-stm32.9-2020-q2-update.win32_2.0.0.202105311346/tools/bin/../lib/gcc/arm-none-eabi/9.3.1/../../../../arm-none-eabi/lib/thumb/v7e-m+fp/hard\libc_nano.a
END GROUP
START GROUP
LOAD d:/st/stm32cubeide_1.7.0/stm32cubeide/plugins/com.st.stm32cube.ide.mcu.externaltools.gnu-tools-for-stm32.9-2020-q2-update.win32_2.0.0.202105311346/tools/bin/../lib/gcc/arm-none-eabi/9.3.1/thumb/v7e-m+fp/hard\libgcc.a
LOAD d:/st/stm32cubeide_1.7.0/stm32cubeide/plugins/com.st.stm32cube.ide.mcu.externaltools.gnu-tools-for-stm32.9-2020-q2-update.win32_2.0.0.202105311346/tools/bin/../lib/gcc/arm-none-eabi/9.3.1/../../../../arm-none-eabi/lib/thumb/v7e-m+fp/hard\libc_nano.a
LOAD d:/st/stm32cubeide_1.7.0/stm32cubeide/plugins/com.st.stm32cube.ide.mcu.externaltools.gnu-tools-for-stm32.9-2020-q2-update.win32_2.0.0.202105311346/tools/bin/../lib/gcc/arm-none-eabi/9.3.1/../../../../arm-none-eabi/lib/thumb/v7e-m+fp/hard\libnosys.a
END GROUP
START GROUP
LOAD d:/st/stm32cubeide_1.7.0/stm32cubeide/plugins/com.st.stm32cube.ide.mcu.externaltools.gnu-tools-for-stm32.9-2020-q2-update.win32_2.0.0.202105311346/tools/bin/../lib/gcc/arm-none-eabi/9.3.1/thumb/v7e-m+fp/hard\libgcc.a
LOAD d:/st/stm32cubeide_1.7.0/stm32cubeide/plugins/com.st.stm32cube.ide.mcu.externaltools.gnu-tools-for-stm32.9-2020-q2-update.win32_2.0.0.202105311346/tools/bin/../lib/gcc/arm-none-eabi/9.3.1/../../../../arm-none-eabi/lib/thumb/v7e-m+fp/hard\libc_nano.a
LOAD d:/st/stm32cubeide_1.7.0/stm32cubeide/plugins/com.st.stm32cube.ide.mcu.externaltools.gnu-tools-for-stm32.9-2020-q2-update.win32_2.0.0.202105311346/tools/bin/../lib/gcc/arm-none-eabi/9.3.1/../../../../arm-none-eabi/lib/thumb/v7e-m+fp/hard\libnosys.a
END GROUP
LOAD d:/st/stm32cubeide_1.7.0/stm32cubeide/plugins/com.st.stm32cube.ide.mcu.externaltools.gnu-tools-for-stm32.9-2020-q2-update.win32_2.0.0.202105311346/tools/bin/../lib/gcc/arm-none-eabi/9.3.1/thumb/v7e-m+fp/hard/crtend.o
LOAD d:/st/stm32cubeide_1.7.0/stm32cubeide/plugins/com.st.stm32cube.ide.mcu.externaltools.gnu-tools-for-stm32.9-2020-q2-update.win32_2.0.0.202105311346/tools/bin/../lib/gcc/arm-none-eabi/9.3.1/thumb/v7e-m+fp/hard/crtn.o
                0x0000000020050000                _estack = (ORIGIN (RAM) + LENGTH (RAM))
                0x0000000000000200                _Min_Heap_Size = 0x200
                0x0000000000000400                _Min_Stack_Size = 0x400

.isr_vector     0x0000000008000000      0x1c8
                0x0000000008000000                . = ALIGN (0x4)
 *(.isr_vector)
 .isr_vector    0x0000000008000000      0x1c8 ./Core/Startup/startup_stm32f746zgtx.o
                0x0000000008000000                g_pfnVectors
                0x00000000080001c8                . = ALIGN (0x4)

.text           0x00000000080001c8     0x6270
                0x00000000080001c8                . = ALIGN (0x4)
 *(.text)
 .text          0x00000000080001c8       0x40 d:/st/stm32cubeide_1.7.0/stm32cubeide/plugins/com.st.stm32cube.ide.mcu.externaltools.gnu-tools-for-stm32.9-2020-q2-update.win32_2.0.0.202105311346/tools/bin/../lib/gcc/arm-none-eabi/9.3.1/thumb/v7e-m+fp/hard/crtbegin.o
 .text          0x0000000008000208      0x378 d:/st/stm32cubeide_1.7.0/stm32cubeide/plugins/com.st.stm32cube.ide.mcu.externaltools.gnu-tools-for-stm32.9-2020-q2-update.win32_2.0.0.202105311346/tools/bin/../lib/gcc/arm-none-eabi/9.3.1/thumb/v7e-m+fp/hard\libgcc.a(_arm_addsubdf3.o)
                0x0000000008000208                __aeabi_drsub
                0x0000000008000210                __aeabi_dsub
                0x0000000008000210                __subdf3
                0x0000000008000214                __aeabi_dadd
                0x0000000008000214                __adddf3
                0x000000000800048c                __floatunsidf
                0x000000000800048c                __aeabi_ui2d
                0x00000000080004ac                __floatsidf
                0x00000000080004ac                __aeabi_i2d
                0x00000000080004d0                __aeabi_f2d
                0x00000000080004d0                __extendsfdf2
                0x0000000008000514                __floatundidf
                0x0000000008000514                __aeabi_ul2d
                0x0000000008000524                __floatdidf
                0x0000000008000524                __aeabi_l2d
 .text          0x0000000008000580      0x424 d:/st/stm32cubeide_1.7.0/stm32cubeide/plugins/com.st.stm32cube.ide.mcu.externaltools.gnu-tools-for-stm32.9-2020-q2-update.win32_2.0.0.202105311346/tools/bin/../lib/gcc/arm-none-eabi/9.3.1/thumb/v7e-m+fp/hard\libgcc.a(_arm_muldivdf3.o)
                0x0000000008000580                __aeabi_dmul
                0x0000000008000580                __muldf3
                0x00000000080007d4                __divdf3
                0x00000000080007d4                __aeabi_ddiv
 .text          0x00000000080009a4       0xa0 d:/st/stm32cubeide_1.7.0/stm32cubeide/plugins/com.st.stm32cube.ide.mcu.externaltools.gnu-tools-for-stm32.9-2020-q2-update.win32_2.0.0.202105311346/tools/bin/../lib/gcc/arm-none-eabi/9.3.1/thumb/v7e-m+fp/hard\libgcc.a(_arm_truncdfsf2.o)
                0x00000000080009a4                __truncdfsf2
                0x00000000080009a4                __aeabi_d2f
 .text          0x0000000008000a44       0xa0 d:/st/stm32cubeide_1.7.0/stm32cubeide/plugins/com.st.stm32cube.ide.mcu.externaltools.gnu-tools-for-stm32.9-2020-q2-update.win32_2.0.0.202105311346/tools/bin/../lib/gcc/arm-none-eabi/9.3.1/thumb/v7e-m+fp/hard\libgcc.a(_aeabi_ldivmod.o)
                0x0000000008000a44                __aeabi_ldivmod
 .text          0x0000000008000ae4       0x30 d:/st/stm32cubeide_1.7.0/stm32cubeide/plugins/com.st.stm32cube.ide.mcu.externaltools.gnu-tools-for-stm32.9-2020-q2-update.win32_2.0.0.202105311346/tools/bin/../lib/gcc/arm-none-eabi/9.3.1/thumb/v7e-m+fp/hard\libgcc.a(_aeabi_uldivmod.o)
                0x0000000008000ae4                __aeabi_uldivmod
 .text          0x0000000008000b14      0x2c4 d:/st/stm32cubeide_1.7.0/stm32cubeide/plugins/com.st.stm32cube.ide.mcu.externaltools.gnu-tools-for-stm32.9-2020-q2-update.win32_2.0.0.202105311346/tools/bin/../lib/gcc/arm-none-eabi/9.3.1/thumb/v7e-m+fp/hard\libgcc.a(_udivmoddi4.o)
                0x0000000008000b14                __udivmoddi4
 .text          0x0000000008000dd8        0x4 d:/st/stm32cubeide_1.7.0/stm32cubeide/plugins/com.st.stm32cube.ide.mcu.externaltools.gnu-tools-for-stm32.9-2020-q2-update.win32_2.0.0.202105311346/tools/bin/../lib/gcc/arm-none-eabi/9.3.1/thumb/v7e-m+fp/hard\libgcc.a(_dvmd_tls.o)
                0x0000000008000dd8                __aeabi_idiv0
                0x0000000008000dd8                __aeabi_ldiv0
 *(.text*)
 .text.BMP280_Read8
                0x0000000008000ddc       0x3c ./Core/Src/BMXX80.o
                0x0000000008000ddc                BMP280_Read8
 .text.BMP280_Read16
                0x0000000008000e18       0x44 ./Core/Src/BMXX80.o
                0x0000000008000e18                BMP280_Read16
 .text.BMP280_Read16LE
                0x0000000008000e5c       0x32 ./Core/Src/BMXX80.o
                0x0000000008000e5c                BMP280_Read16LE
 *fill*         0x0000000008000e8e        0x2 
 .text.BMP280_Write8
                0x0000000008000e90       0x38 ./Core/Src/BMXX80.o
                0x0000000008000e90                BMP280_Write8
 .text.BMP280_Read24
                0x0000000008000ec8       0x44 ./Core/Src/BMXX80.o
                0x0000000008000ec8                BMP280_Read24
 .text.BMP280_Init
                0x0000000008000f0c      0x17c ./Core/Src/BMXX80.o
                0x0000000008000f0c                BMP280_Init
 .text.BMP280_ReadTemperature
                0x0000000008001088      0x118 ./Core/Src/BMXX80.o
                0x0000000008001088                BMP280_ReadTemperature
 .text.BMP280_ReadTemperatureAndPressure
                0x00000000080011a0      0x3fc ./Core/Src/BMXX80.o
                0x00000000080011a0                BMP280_ReadTemperatureAndPressure
 .text.TM1637_ClkHigh
                0x000000000800159c       0x18 ./Core/Src/TM1637.o
                0x000000000800159c                TM1637_ClkHigh
 .text.TM1637_ClkLow
                0x00000000080015b4       0x18 ./Core/Src/TM1637.o
                0x00000000080015b4                TM1637_ClkLow
 .text.TM1637_DataHigh
                0x00000000080015cc       0x18 ./Core/Src/TM1637.o
                0x00000000080015cc                TM1637_DataHigh
 .text.TM1637_DataLow
                0x00000000080015e4       0x18 ./Core/Src/TM1637.o
                0x00000000080015e4                TM1637_DataLow
 .text.TM1637_DisplayDecimal
                0x00000000080015fc       0xdc ./Core/Src/TM1637.o
                0x00000000080015fc                TM1637_DisplayDecimal
 .text.TM1637_SetBrightness
                0x00000000080016d8       0x2a ./Core/Src/TM1637.o
                0x00000000080016d8                TM1637_SetBrightness
 .text.TM1637_Start
                0x0000000008001702       0x1a ./Core/Src/TM1637.o
                0x0000000008001702                TM1637_Start
 .text.TM1637_Stop
                0x000000000800171c       0x2a ./Core/Src/TM1637.o
                0x000000000800171c                TM1637_Stop
 .text.TM1637_ReadResult
                0x0000000008001746       0x20 ./Core/Src/TM1637.o
                0x0000000008001746                TM1637_ReadResult
 .text.TM1637_WriteByte
                0x0000000008001766       0x54 ./Core/Src/TM1637.o
                0x0000000008001766                TM1637_WriteByte
 .text.TM1637_DelayUsec
                0x00000000080017ba       0x3a ./Core/Src/TM1637.o
                0x00000000080017ba                TM1637_DelayUsec
 .text.calculate_discrete_pid
                0x00000000080017f4      0x102 ./Core/Src/main.o
                0x00000000080017f4                calculate_discrete_pid
 *fill*         0x00000000080018f6        0x2 
 .text.main     0x00000000080018f8      0x110 ./Core/Src/main.o
                0x00000000080018f8                main
 .text.SystemClock_Config
                0x0000000008001a08       0xd0 ./Core/Src/main.o
                0x0000000008001a08                SystemClock_Config
 .text.MX_I2C2_Init
                0x0000000008001ad8       0x80 ./Core/Src/main.o
 .text.MX_TIM4_Init
                0x0000000008001b58       0xb4 ./Core/Src/main.o
 .text.MX_USART3_UART_Init
                0x0000000008001c0c       0x60 ./Core/Src/main.o
 .text.MX_USB_OTG_FS_PCD_Init
                0x0000000008001c6c       0x5c ./Core/Src/main.o
 .text.MX_GPIO_Init
                0x0000000008001cc8      0x1f0 ./Core/Src/main.o
 .text.Error_Handler
                0x0000000008001eb8        0xa ./Core/Src/main.o
                0x0000000008001eb8                Error_Handler
 *fill*         0x0000000008001ec2        0x2 
 .text.HAL_MspInit
                0x0000000008001ec4       0x48 ./Core/Src/stm32f7xx_hal_msp.o
                0x0000000008001ec4                HAL_MspInit
 .text.HAL_I2C_MspInit
                0x0000000008001f0c       0xc0 ./Core/Src/stm32f7xx_hal_msp.o
                0x0000000008001f0c                HAL_I2C_MspInit
 .text.HAL_TIM_PWM_MspInit
                0x0000000008001fcc       0x40 ./Core/Src/stm32f7xx_hal_msp.o
                0x0000000008001fcc                HAL_TIM_PWM_MspInit
 .text.HAL_TIM_MspPostInit
                0x000000000800200c       0x70 ./Core/Src/stm32f7xx_hal_msp.o
                0x000000000800200c                HAL_TIM_MspPostInit
 .text.HAL_UART_MspInit
                0x000000000800207c       0xc0 ./Core/Src/stm32f7xx_hal_msp.o
                0x000000000800207c                HAL_UART_MspInit
 .text.HAL_PCD_MspInit
                0x000000000800213c       0xf4 ./Core/Src/stm32f7xx_hal_msp.o
                0x000000000800213c                HAL_PCD_MspInit
 .text.NMI_Handler
                0x0000000008002230        0x6 ./Core/Src/stm32f7xx_it.o
                0x0000000008002230                NMI_Handler
 .text.HardFault_Handler
                0x0000000008002236        0x6 ./Core/Src/stm32f7xx_it.o
                0x0000000008002236                HardFault_Handler
 .text.MemManage_Handler
                0x000000000800223c        0x6 ./Core/Src/stm32f7xx_it.o
                0x000000000800223c                MemManage_Handler
 .text.BusFault_Handler
                0x0000000008002242        0x6 ./Core/Src/stm32f7xx_it.o
                0x0000000008002242                BusFault_Handler
 .text.UsageFault_Handler
                0x0000000008002248        0x6 ./Core/Src/stm32f7xx_it.o
                0x0000000008002248                UsageFault_Handler
 .text.SVC_Handler
                0x000000000800224e        0xe ./Core/Src/stm32f7xx_it.o
                0x000000000800224e                SVC_Handler
 .text.DebugMon_Handler
                0x000000000800225c        0xe ./Core/Src/stm32f7xx_it.o
                0x000000000800225c                DebugMon_Handler
 .text.PendSV_Handler
                0x000000000800226a        0xe ./Core/Src/stm32f7xx_it.o
                0x000000000800226a                PendSV_Handler
 .text.SysTick_Handler
                0x0000000008002278        0xc ./Core/Src/stm32f7xx_it.o
                0x0000000008002278                SysTick_Handler
 .text.SystemInit
                0x0000000008002284       0x24 ./Core/Src/system_stm32f7xx.o
                0x0000000008002284                SystemInit
 .text.Reset_Handler
                0x00000000080022a8       0x50 ./Core/Startup/startup_stm32f746zgtx.o
                0x00000000080022a8                Reset_Handler
 .text.Default_Handler
                0x00000000080022f8        0x2 ./Core/Startup/startup_stm32f746zgtx.o
                0x00000000080022f8                RTC_Alarm_IRQHandler
                0x00000000080022f8                EXTI2_IRQHandler
                0x00000000080022f8                TIM8_CC_IRQHandler
                0x00000000080022f8                UART8_IRQHandler
                0x00000000080022f8                SPI4_IRQHandler
                0x00000000080022f8                TIM1_CC_IRQHandler
                0x00000000080022f8                DMA2_Stream5_IRQHandler
                0x00000000080022f8                DMA1_Stream5_IRQHandler
                0x00000000080022f8                PVD_IRQHandler
                0x00000000080022f8                TAMP_STAMP_IRQHandler
                0x00000000080022f8                CAN2_RX1_IRQHandler
                0x00000000080022f8                EXTI3_IRQHandler
                0x00000000080022f8                TIM8_TRG_COM_TIM14_IRQHandler
                0x00000000080022f8                TIM1_UP_TIM10_IRQHandler
                0x00000000080022f8                TIM8_UP_TIM13_IRQHandler
                0x00000000080022f8                I2C3_ER_IRQHandler
                0x00000000080022f8                EXTI0_IRQHandler
                0x00000000080022f8                I2C2_EV_IRQHandler
                0x00000000080022f8                DMA1_Stream2_IRQHandler
                0x00000000080022f8                CAN1_RX0_IRQHandler
                0x00000000080022f8                FPU_IRQHandler
                0x00000000080022f8                OTG_HS_WKUP_IRQHandler
                0x00000000080022f8                LTDC_ER_IRQHandler
                0x00000000080022f8                CAN2_SCE_IRQHandler
                0x00000000080022f8                DMA2_Stream2_IRQHandler
                0x00000000080022f8                SPI1_IRQHandler
                0x00000000080022f8                TIM6_DAC_IRQHandler
                0x00000000080022f8                TIM1_BRK_TIM9_IRQHandler
                0x00000000080022f8                DCMI_IRQHandler
                0x00000000080022f8                CAN2_RX0_IRQHandler
                0x00000000080022f8                DMA2_Stream3_IRQHandler
                0x00000000080022f8                SAI2_IRQHandler
                0x00000000080022f8                USART6_IRQHandler
                0x00000000080022f8                USART3_IRQHandler
                0x00000000080022f8                CAN1_RX1_IRQHandler
                0x00000000080022f8                UART5_IRQHandler
                0x00000000080022f8                DMA2_Stream0_IRQHandler
                0x00000000080022f8                TIM4_IRQHandler
                0x00000000080022f8                QUADSPI_IRQHandler
                0x00000000080022f8                I2C1_EV_IRQHandler
                0x00000000080022f8                DMA1_Stream6_IRQHandler
                0x00000000080022f8                DMA1_Stream1_IRQHandler
                0x00000000080022f8                UART4_IRQHandler
                0x00000000080022f8                TIM3_IRQHandler
                0x00000000080022f8                RCC_IRQHandler
                0x00000000080022f8                TIM8_BRK_TIM12_IRQHandler
                0x00000000080022f8                Default_Handler
                0x00000000080022f8                CEC_IRQHandler
                0x00000000080022f8                EXTI15_10_IRQHandler
                0x00000000080022f8                ADC_IRQHandler
                0x00000000080022f8                DMA1_Stream7_IRQHandler
                0x00000000080022f8                SPI5_IRQHandler
                0x00000000080022f8                TIM7_IRQHandler
                0x00000000080022f8                SDMMC1_IRQHandler
                0x00000000080022f8                CAN2_TX_IRQHandler
                0x00000000080022f8                TIM5_IRQHandler
                0x00000000080022f8                DMA2_Stream7_IRQHandler
                0x00000000080022f8                I2C3_EV_IRQHandler
                0x00000000080022f8                EXTI9_5_IRQHandler
                0x00000000080022f8                RTC_WKUP_IRQHandler
                0x00000000080022f8                LTDC_IRQHandler
                0x00000000080022f8                ETH_WKUP_IRQHandler
                0x00000000080022f8                SPDIF_RX_IRQHandler
                0x00000000080022f8                SPI2_IRQHandler
                0x00000000080022f8                OTG_HS_EP1_IN_IRQHandler
                0x00000000080022f8                DMA1_Stream0_IRQHandler
                0x00000000080022f8                CAN1_TX_IRQHandler
                0x00000000080022f8                EXTI4_IRQHandler
                0x00000000080022f8                RNG_IRQHandler
                0x00000000080022f8                ETH_IRQHandler
                0x00000000080022f8                OTG_HS_EP1_OUT_IRQHandler
                0x00000000080022f8                WWDG_IRQHandler
                0x00000000080022f8                SPI6_IRQHandler
                0x00000000080022f8                I2C4_EV_IRQHandler
                0x00000000080022f8                TIM2_IRQHandler
                0x00000000080022f8                OTG_FS_WKUP_IRQHandler
                0x00000000080022f8                TIM1_TRG_COM_TIM11_IRQHandler
                0x00000000080022f8                OTG_HS_IRQHandler
                0x00000000080022f8                DMA2D_IRQHandler
                0x00000000080022f8                EXTI1_IRQHandler
                0x00000000080022f8                UART7_IRQHandler
                0x00000000080022f8                USART2_IRQHandler
                0x00000000080022f8                I2C2_ER_IRQHandler
                0x00000000080022f8                DMA2_Stream1_IRQHandler
                0x00000000080022f8                CAN1_SCE_IRQHandler
                0x00000000080022f8                FLASH_IRQHandler
                0x00000000080022f8                DMA2_Stream4_IRQHandler
                0x00000000080022f8                USART1_IRQHandler
                0x00000000080022f8                OTG_FS_IRQHandler
                0x00000000080022f8                SPI3_IRQHandler
                0x00000000080022f8                DMA1_Stream4_IRQHandler
                0x00000000080022f8                I2C1_ER_IRQHandler
                0x00000000080022f8                FMC_IRQHandler
                0x00000000080022f8                LPTIM1_IRQHandler
                0x00000000080022f8                I2C4_ER_IRQHandler
                0x00000000080022f8                DMA2_Stream6_IRQHandler
                0x00000000080022f8                SAI1_IRQHandler
                0x00000000080022f8                DMA1_Stream3_IRQHandler
 .text.HAL_Init
                0x00000000080022fa       0x1a ./Drivers/STM32F7xx_HAL_Driver/Src/stm32f7xx_hal.o
                0x00000000080022fa                HAL_Init
 .text.HAL_InitTick
                0x0000000008002314       0x60 ./Drivers/STM32F7xx_HAL_Driver/Src/stm32f7xx_hal.o
                0x0000000008002314                HAL_InitTick
 .text.HAL_IncTick
                0x0000000008002374       0x28 ./Drivers/STM32F7xx_HAL_Driver/Src/stm32f7xx_hal.o
                0x0000000008002374                HAL_IncTick
 .text.HAL_GetTick
                0x000000000800239c       0x18 ./Drivers/STM32F7xx_HAL_Driver/Src/stm32f7xx_hal.o
                0x000000000800239c                HAL_GetTick
 .text.HAL_Delay
                0x00000000080023b4       0x48 ./Drivers/STM32F7xx_HAL_Driver/Src/stm32f7xx_hal.o
                0x00000000080023b4                HAL_Delay
 .text.__NVIC_SetPriorityGrouping
                0x00000000080023fc       0x48 ./Drivers/STM32F7xx_HAL_Driver/Src/stm32f7xx_hal_cortex.o
 .text.__NVIC_GetPriorityGrouping
                0x0000000008002444       0x1c ./Drivers/STM32F7xx_HAL_Driver/Src/stm32f7xx_hal_cortex.o
 .text.__NVIC_SetPriority
                0x0000000008002460       0x54 ./Drivers/STM32F7xx_HAL_Driver/Src/stm32f7xx_hal_cortex.o
 .text.NVIC_EncodePriority
                0x00000000080024b4       0x66 ./Drivers/STM32F7xx_HAL_Driver/Src/stm32f7xx_hal_cortex.o
 *fill*         0x000000000800251a        0x2 
 .text.SysTick_Config
                0x000000000800251c       0x44 ./Drivers/STM32F7xx_HAL_Driver/Src/stm32f7xx_hal_cortex.o
 .text.HAL_NVIC_SetPriorityGrouping
                0x0000000008002560       0x16 ./Drivers/STM32F7xx_HAL_Driver/Src/stm32f7xx_hal_cortex.o
                0x0000000008002560                HAL_NVIC_SetPriorityGrouping
 .text.HAL_NVIC_SetPriority
                0x0000000008002576       0x38 ./Drivers/STM32F7xx_HAL_Driver/Src/stm32f7xx_hal_cortex.o
                0x0000000008002576                HAL_NVIC_SetPriority
 .text.HAL_SYSTICK_Config
                0x00000000080025ae       0x18 ./Drivers/STM32F7xx_HAL_Driver/Src/stm32f7xx_hal_cortex.o
                0x00000000080025ae                HAL_SYSTICK_Config
 *fill*         0x00000000080025c6        0x2 
 .text.HAL_GPIO_Init
                0x00000000080025c8      0x358 ./Drivers/STM32F7xx_HAL_Driver/Src/stm32f7xx_hal_gpio.o
                0x00000000080025c8                HAL_GPIO_Init
 .text.HAL_GPIO_WritePin
                0x0000000008002920       0x32 ./Drivers/STM32F7xx_HAL_Driver/Src/stm32f7xx_hal_gpio.o
                0x0000000008002920                HAL_GPIO_WritePin
 *fill*         0x0000000008002952        0x2 
 .text.HAL_I2C_Init
                0x0000000008002954      0x120 ./Drivers/STM32F7xx_HAL_Driver/Src/stm32f7xx_hal_i2c.o
                0x0000000008002954                HAL_I2C_Init
 .text.HAL_I2C_Mem_Write
                0x0000000008002a74      0x228 ./Drivers/STM32F7xx_HAL_Driver/Src/stm32f7xx_hal_i2c.o
                0x0000000008002a74                HAL_I2C_Mem_Write
 .text.HAL_I2C_Mem_Read
                0x0000000008002c9c      0x234 ./Drivers/STM32F7xx_HAL_Driver/Src/stm32f7xx_hal_i2c.o
                0x0000000008002c9c                HAL_I2C_Mem_Read
 .text.I2C_RequestMemoryWrite
                0x0000000008002ed0       0xa8 ./Drivers/STM32F7xx_HAL_Driver/Src/stm32f7xx_hal_i2c.o
 .text.I2C_RequestMemoryRead
                0x0000000008002f78       0xa8 ./Drivers/STM32F7xx_HAL_Driver/Src/stm32f7xx_hal_i2c.o
 .text.I2C_Flush_TXDR
                0x0000000008003020       0x48 ./Drivers/STM32F7xx_HAL_Driver/Src/stm32f7xx_hal_i2c.o
 .text.I2C_WaitOnFlagUntilTimeout
                0x0000000008003068       0x80 ./Drivers/STM32F7xx_HAL_Driver/Src/stm32f7xx_hal_i2c.o
 .text.I2C_WaitOnTXISFlagUntilTimeout
                0x00000000080030e8       0x80 ./Drivers/STM32F7xx_HAL_Driver/Src/stm32f7xx_hal_i2c.o
 .text.I2C_WaitOnSTOPFlagUntilTimeout
                0x0000000008003168       0x78 ./Drivers/STM32F7xx_HAL_Driver/Src/stm32f7xx_hal_i2c.o
 .text.I2C_IsErrorOccurred
                0x00000000080031e0      0x1d8 ./Drivers/STM32F7xx_HAL_Driver/Src/stm32f7xx_hal_i2c.o
 .text.I2C_TransferConfig
                0x00000000080033b8       0x64 ./Drivers/STM32F7xx_HAL_Driver/Src/stm32f7xx_hal_i2c.o
 .text.HAL_I2CEx_ConfigAnalogFilter
                0x000000000800341c       0x96 ./Drivers/STM32F7xx_HAL_Driver/Src/stm32f7xx_hal_i2c_ex.o
                0x000000000800341c                HAL_I2CEx_ConfigAnalogFilter
 .text.HAL_I2CEx_ConfigDigitalFilter
                0x00000000080034b2       0x98 ./Drivers/STM32F7xx_HAL_Driver/Src/stm32f7xx_hal_i2c_ex.o
                0x00000000080034b2                HAL_I2CEx_ConfigDigitalFilter
 .text.HAL_PCD_Init
                0x000000000800354a      0x248 ./Drivers/STM32F7xx_HAL_Driver/Src/stm32f7xx_hal_pcd.o
                0x000000000800354a                HAL_PCD_Init
 *fill*         0x0000000008003792        0x2 
 .text.HAL_PCDEx_ActivateLPM
                0x0000000008003794       0x48 ./Drivers/STM32F7xx_HAL_Driver/Src/stm32f7xx_hal_pcd_ex.o
                0x0000000008003794                HAL_PCDEx_ActivateLPM
 .text.HAL_PWR_EnableBkUpAccess
                0x00000000080037dc       0x20 ./Drivers/STM32F7xx_HAL_Driver/Src/stm32f7xx_hal_pwr.o
                0x00000000080037dc                HAL_PWR_EnableBkUpAccess
 .text.HAL_RCC_OscConfig
                0x00000000080037fc      0x548 ./Drivers/STM32F7xx_HAL_Driver/Src/stm32f7xx_hal_rcc.o
                0x00000000080037fc                HAL_RCC_OscConfig
 .text.HAL_RCC_ClockConfig
                0x0000000008003d44      0x1d8 ./Drivers/STM32F7xx_HAL_Driver/Src/stm32f7xx_hal_rcc.o
                0x0000000008003d44                HAL_RCC_ClockConfig
 .text.HAL_RCC_GetSysClockFreq
                0x0000000008003f1c      0x1c4 ./Drivers/STM32F7xx_HAL_Driver/Src/stm32f7xx_hal_rcc.o
                0x0000000008003f1c                HAL_RCC_GetSysClockFreq
 .text.HAL_RCC_GetHCLKFreq
                0x00000000080040e0       0x18 ./Drivers/STM32F7xx_HAL_Driver/Src/stm32f7xx_hal_rcc.o
                0x00000000080040e0                HAL_RCC_GetHCLKFreq
 .text.HAL_RCC_GetPCLK1Freq
                0x00000000080040f8       0x28 ./Drivers/STM32F7xx_HAL_Driver/Src/stm32f7xx_hal_rcc.o
                0x00000000080040f8                HAL_RCC_GetPCLK1Freq
 .text.HAL_RCC_GetPCLK2Freq
                0x0000000008004120       0x28 ./Drivers/STM32F7xx_HAL_Driver/Src/stm32f7xx_hal_rcc.o
                0x0000000008004120                HAL_RCC_GetPCLK2Freq
 .text.HAL_RCCEx_PeriphCLKConfig
                0x0000000008004148      0x7e0 ./Drivers/STM32F7xx_HAL_Driver/Src/stm32f7xx_hal_rcc_ex.o
                0x0000000008004148                HAL_RCCEx_PeriphCLKConfig
 .text.HAL_TIM_PWM_Init
                0x0000000008004928       0xae ./Drivers/STM32F7xx_HAL_Driver/Src/stm32f7xx_hal_tim.o
                0x0000000008004928                HAL_TIM_PWM_Init
 *fill*         0x00000000080049d6        0x2 
 .text.HAL_TIM_PWM_Start
                0x00000000080049d8      0x1f4 ./Drivers/STM32F7xx_HAL_Driver/Src/stm32f7xx_hal_tim.o
                0x00000000080049d8                HAL_TIM_PWM_Start
 .text.HAL_TIM_PWM_ConfigChannel
                0x0000000008004bcc      0x228 ./Drivers/STM32F7xx_HAL_Driver/Src/stm32f7xx_hal_tim.o
                0x0000000008004bcc                HAL_TIM_PWM_ConfigChannel
 .text.TIM_Base_SetConfig
                0x0000000008004df4      0x140 ./Drivers/STM32F7xx_HAL_Driver/Src/stm32f7xx_hal_tim.o
                0x0000000008004df4                TIM_Base_SetConfig
 .text.TIM_OC1_SetConfig
                0x0000000008004f34       0xe4 ./Drivers/STM32F7xx_HAL_Driver/Src/stm32f7xx_hal_tim.o
 .text.TIM_OC2_SetConfig
                0x0000000008005018       0xf0 ./Drivers/STM32F7xx_HAL_Driver/Src/stm32f7xx_hal_tim.o
                0x0000000008005018                TIM_OC2_SetConfig
 .text.TIM_OC3_SetConfig
                0x0000000008005108       0xec ./Drivers/STM32F7xx_HAL_Driver/Src/stm32f7xx_hal_tim.o
 .text.TIM_OC4_SetConfig
                0x00000000080051f4       0xb0 ./Drivers/STM32F7xx_HAL_Driver/Src/stm32f7xx_hal_tim.o
 .text.TIM_OC5_SetConfig
                0x00000000080052a4       0xa4 ./Drivers/STM32F7xx_HAL_Driver/Src/stm32f7xx_hal_tim.o
 .text.TIM_OC6_SetConfig
                0x0000000008005348       0xa8 ./Drivers/STM32F7xx_HAL_Driver/Src/stm32f7xx_hal_tim.o
 .text.TIM_CCxChannelCmd
                0x00000000080053f0       0x4a ./Drivers/STM32F7xx_HAL_Driver/Src/stm32f7xx_hal_tim.o
                0x00000000080053f0                TIM_CCxChannelCmd
 *fill*         0x000000000800543a        0x2 
 .text.HAL_TIMEx_MasterConfigSynchronization
                0x000000000800543c      0x11c ./Drivers/STM32F7xx_HAL_Driver/Src/stm32f7xx_hal_tim_ex.o
                0x000000000800543c                HAL_TIMEx_MasterConfigSynchronization
 .text.HAL_UART_Init
                0x0000000008005558       0x9c ./Drivers/STM32F7xx_HAL_Driver/Src/stm32f7xx_hal_uart.o
                0x0000000008005558                HAL_UART_Init
 .text.UART_SetConfig
                0x00000000080055f4      0x4c4 ./Drivers/STM32F7xx_HAL_Driver/Src/stm32f7xx_hal_uart.o
                0x00000000080055f4                UART_SetConfig
 .text.UART_AdvFeatureConfig
                0x0000000008005ab8      0x144 ./Drivers/STM32F7xx_HAL_Driver/Src/stm32f7xx_hal_uart.o
                0x0000000008005ab8                UART_AdvFeatureConfig
 .text.UART_CheckIdleState
                0x0000000008005bfc       0x66 ./Drivers/STM32F7xx_HAL_Driver/Src/stm32f7xx_hal_uart.o
                0x0000000008005bfc                UART_CheckIdleState
 .text.UART_WaitOnFlagUntilTimeout
                0x0000000008005c62      0x188 ./Drivers/STM32F7xx_HAL_Driver/Src/stm32f7xx_hal_uart.o
                0x0000000008005c62                UART_WaitOnFlagUntilTimeout
 *fill*         0x0000000008005dea        0x2 
 .text.USB_CoreInit
                0x0000000008005dec       0xb0 ./Drivers/STM32F7xx_HAL_Driver/Src/stm32f7xx_ll_usb.o
                0x0000000008005dec                USB_CoreInit
 .text.USB_DisableGlobalInt
                0x0000000008005e9c       0x22 ./Drivers/STM32F7xx_HAL_Driver/Src/stm32f7xx_ll_usb.o
                0x0000000008005e9c                USB_DisableGlobalInt
 .text.USB_SetCurrentMode
                0x0000000008005ebe       0x98 ./Drivers/STM32F7xx_HAL_Driver/Src/stm32f7xx_ll_usb.o
                0x0000000008005ebe                USB_SetCurrentMode
 *fill*         0x0000000008005f56        0x2 
 .text.USB_DevInit
                0x0000000008005f58      0x2bc ./Drivers/STM32F7xx_HAL_Driver/Src/stm32f7xx_ll_usb.o
                0x0000000008005f58                USB_DevInit
 .text.USB_FlushTxFifo
                0x0000000008006214       0x64 ./Drivers/STM32F7xx_HAL_Driver/Src/stm32f7xx_ll_usb.o
                0x0000000008006214                USB_FlushTxFifo
 .text.USB_FlushRxFifo
                0x0000000008006278       0x5c ./Drivers/STM32F7xx_HAL_Driver/Src/stm32f7xx_ll_usb.o
                0x0000000008006278                USB_FlushRxFifo
 .text.USB_SetDevSpeed
                0x00000000080062d4       0x32 ./Drivers/STM32F7xx_HAL_Driver/Src/stm32f7xx_ll_usb.o
                0x00000000080062d4                USB_SetDevSpeed
 .text.USB_DevDisconnect
                0x0000000008006306       0x42 ./Drivers/STM32F7xx_HAL_Driver/Src/stm32f7xx_ll_usb.o
                0x0000000008006306                USB_DevDisconnect
 .text.USB_GetMode
                0x0000000008006348       0x1c ./Drivers/STM32F7xx_HAL_Driver/Src/stm32f7xx_ll_usb.o
                0x0000000008006348                USB_GetMode
 .text.USB_CoreReset
                0x0000000008006364       0x64 ./Drivers/STM32F7xx_HAL_Driver/Src/stm32f7xx_ll_usb.o
 .text.__libc_init_array
                0x00000000080063c8       0x48 d:/st/stm32cubeide_1.7.0/stm32cubeide/plugins/com.st.stm32cube.ide.mcu.externaltools.gnu-tools-for-stm32.9-2020-q2-update.win32_2.0.0.202105311346/tools/bin/../lib/gcc/arm-none-eabi/9.3.1/../../../../arm-none-eabi/lib/thumb/v7e-m+fp/hard\libc_nano.a(lib_a-init.o)
                0x00000000080063c8                __libc_init_array
 .text.memset   0x0000000008006410       0x10 d:/st/stm32cubeide_1.7.0/stm32cubeide/plugins/com.st.stm32cube.ide.mcu.externaltools.gnu-tools-for-stm32.9-2020-q2-update.win32_2.0.0.202105311346/tools/bin/../lib/gcc/arm-none-eabi/9.3.1/../../../../arm-none-eabi/lib/thumb/v7e-m+fp/hard\libc_nano.a(lib_a-memset.o)
                0x0000000008006410                memset
 *(.glue_7)
 .glue_7        0x0000000008006420        0x0 linker stubs
 *(.glue_7t)
 .glue_7t       0x0000000008006420        0x0 linker stubs
 *(.eh_frame)
 .eh_frame      0x0000000008006420        0x0 d:/st/stm32cubeide_1.7.0/stm32cubeide/plugins/com.st.stm32cube.ide.mcu.externaltools.gnu-tools-for-stm32.9-2020-q2-update.win32_2.0.0.202105311346/tools/bin/../lib/gcc/arm-none-eabi/9.3.1/thumb/v7e-m+fp/hard/crtbegin.o
 *(.init)
 .init          0x0000000008006420        0x4 d:/st/stm32cubeide_1.7.0/stm32cubeide/plugins/com.st.stm32cube.ide.mcu.externaltools.gnu-tools-for-stm32.9-2020-q2-update.win32_2.0.0.202105311346/tools/bin/../lib/gcc/arm-none-eabi/9.3.1/thumb/v7e-m+fp/hard/crti.o
                0x0000000008006420                _init
 .init          0x0000000008006424        0x8 d:/st/stm32cubeide_1.7.0/stm32cubeide/plugins/com.st.stm32cube.ide.mcu.externaltools.gnu-tools-for-stm32.9-2020-q2-update.win32_2.0.0.202105311346/tools/bin/../lib/gcc/arm-none-eabi/9.3.1/thumb/v7e-m+fp/hard/crtn.o
 *(.fini)
 .fini          0x000000000800642c        0x4 d:/st/stm32cubeide_1.7.0/stm32cubeide/plugins/com.st.stm32cube.ide.mcu.externaltools.gnu-tools-for-stm32.9-2020-q2-update.win32_2.0.0.202105311346/tools/bin/../lib/gcc/arm-none-eabi/9.3.1/thumb/v7e-m+fp/hard/crti.o
                0x000000000800642c                _fini
 .fini          0x0000000008006430        0x8 d:/st/stm32cubeide_1.7.0/stm32cubeide/plugins/com.st.stm32cube.ide.mcu.externaltools.gnu-tools-for-stm32.9-2020-q2-update.win32_2.0.0.202105311346/tools/bin/../lib/gcc/arm-none-eabi/9.3.1/thumb/v7e-m+fp/hard/crtn.o
                0x0000000008006438                . = ALIGN (0x4)
                0x0000000008006438                _etext = .

.vfp11_veneer   0x0000000008006438        0x0
 .vfp11_veneer  0x0000000008006438        0x0 linker stubs

.v4_bx          0x0000000008006438        0x0
 .v4_bx         0x0000000008006438        0x0 linker stubs

.iplt           0x0000000008006438        0x0
 .iplt          0x0000000008006438        0x0 d:/st/stm32cubeide_1.7.0/stm32cubeide/plugins/com.st.stm32cube.ide.mcu.externaltools.gnu-tools-for-stm32.9-2020-q2-update.win32_2.0.0.202105311346/tools/bin/../lib/gcc/arm-none-eabi/9.3.1/thumb/v7e-m+fp/hard/crtbegin.o

.rodata         0x0000000008006438       0x2c
                0x0000000008006438                . = ALIGN (0x4)
 *(.rodata)
 *(.rodata*)
 .rodata.segmentMap
                0x0000000008006438       0x11 ./Core/Src/TM1637.o
                0x0000000008006438                segmentMap
 *fill*         0x0000000008006449        0x3 
 .rodata.AHBPrescTable
                0x000000000800644c       0x10 ./Core/Src/system_stm32f7xx.o
                0x000000000800644c                AHBPrescTable
 .rodata.APBPrescTable
                0x000000000800645c        0x8 ./Core/Src/system_stm32f7xx.o
                0x000000000800645c                APBPrescTable
                0x0000000008006464                . = ALIGN (0x4)

.ARM.extab      0x0000000008006464        0x0
                0x0000000008006464                . = ALIGN (0x4)
 *(.ARM.extab* .gnu.linkonce.armextab.*)
                0x0000000008006464                . = ALIGN (0x4)

.ARM            0x0000000008006464        0x8
                0x0000000008006464                . = ALIGN (0x4)
                0x0000000008006464                __exidx_start = .
 *(.ARM.exidx*)
 .ARM.exidx     0x0000000008006464        0x8 d:/st/stm32cubeide_1.7.0/stm32cubeide/plugins/com.st.stm32cube.ide.mcu.externaltools.gnu-tools-for-stm32.9-2020-q2-update.win32_2.0.0.202105311346/tools/bin/../lib/gcc/arm-none-eabi/9.3.1/thumb/v7e-m+fp/hard\libgcc.a(_udivmoddi4.o)
                0x000000000800646c                __exidx_end = .
                0x000000000800646c                . = ALIGN (0x4)

.rel.dyn        0x000000000800646c        0x0
 .rel.iplt      0x000000000800646c        0x0 d:/st/stm32cubeide_1.7.0/stm32cubeide/plugins/com.st.stm32cube.ide.mcu.externaltools.gnu-tools-for-stm32.9-2020-q2-update.win32_2.0.0.202105311346/tools/bin/../lib/gcc/arm-none-eabi/9.3.1/thumb/v7e-m+fp/hard/crtbegin.o

.preinit_array  0x000000000800646c        0x0
                0x000000000800646c                . = ALIGN (0x4)
                0x000000000800646c                PROVIDE (__preinit_array_start = .)
 *(.preinit_array*)
                0x000000000800646c                PROVIDE (__preinit_array_end = .)
                0x000000000800646c                . = ALIGN (0x4)

.init_array     0x000000000800646c        0x4
                0x000000000800646c                . = ALIGN (0x4)
                0x000000000800646c                PROVIDE (__init_array_start = .)
 *(SORT_BY_NAME(.init_array.*))
 *(.init_array*)
 .init_array    0x000000000800646c        0x4 d:/st/stm32cubeide_1.7.0/stm32cubeide/plugins/com.st.stm32cube.ide.mcu.externaltools.gnu-tools-for-stm32.9-2020-q2-update.win32_2.0.0.202105311346/tools/bin/../lib/gcc/arm-none-eabi/9.3.1/thumb/v7e-m+fp/hard/crtbegin.o
                0x0000000008006470                PROVIDE (__init_array_end = .)
                0x0000000008006470                . = ALIGN (0x4)

.fini_array     0x0000000008006470        0x4
                0x0000000008006470                . = ALIGN (0x4)
                [!provide]                        PROVIDE (__fini_array_start = .)
 *(SORT_BY_NAME(.fini_array.*))
 *(.fini_array*)
 .fini_array    0x0000000008006470        0x4 d:/st/stm32cubeide_1.7.0/stm32cubeide/plugins/com.st.stm32cube.ide.mcu.externaltools.gnu-tools-for-stm32.9-2020-q2-update.win32_2.0.0.202105311346/tools/bin/../lib/gcc/arm-none-eabi/9.3.1/thumb/v7e-m+fp/hard/crtbegin.o
                [!provide]                        PROVIDE (__fini_array_end = .)
                0x0000000008006474                . = ALIGN (0x4)
                0x0000000008006474                _sidata = LOADADDR (.data)

.data           0x0000000020000000       0x28 load address 0x0000000008006474
                0x0000000020000000                . = ALIGN (0x4)
                0x0000000020000000                _sdata = .
 *(.data)
 *(.data*)
 .data.temp_zad
                0x0000000020000000        0x4 ./Core/Src/main.o
                0x0000000020000000                temp_zad
 .data.pid1     0x0000000020000004       0x18 ./Core/Src/main.o
                0x0000000020000004                pid1
 .data.SystemCoreClock
                0x000000002000001c        0x4 ./Core/Src/system_stm32f7xx.o
                0x000000002000001c                SystemCoreClock
 .data.uwTickPrio
                0x0000000020000020        0x4 ./Drivers/STM32F7xx_HAL_Driver/Src/stm32f7xx_hal.o
                0x0000000020000020                uwTickPrio
 .data.uwTickFreq
                0x0000000020000024        0x1 ./Drivers/STM32F7xx_HAL_Driver/Src/stm32f7xx_hal.o
                0x0000000020000024                uwTickFreq
 *(.RamFunc)
 *(.RamFunc*)
                0x0000000020000028                . = ALIGN (0x4)
 *fill*         0x0000000020000025        0x3 
                0x0000000020000028                _edata = .

.igot.plt       0x0000000020000028        0x0 load address 0x000000000800649c
 .igot.plt      0x0000000020000028        0x0 d:/st/stm32cubeide_1.7.0/stm32cubeide/plugins/com.st.stm32cube.ide.mcu.externaltools.gnu-tools-for-stm32.9-2020-q2-update.win32_2.0.0.202105311346/tools/bin/../lib/gcc/arm-none-eabi/9.3.1/thumb/v7e-m+fp/hard/crtbegin.o
                0x0000000020000028                . = ALIGN (0x4)

.bss            0x0000000020000028      0x578 load address 0x000000000800649c
                0x0000000020000028                _sbss = .
                0x0000000020000028                __bss_start__ = _sbss
 *(.bss)
 .bss           0x0000000020000028       0x1c d:/st/stm32cubeide_1.7.0/stm32cubeide/plugins/com.st.stm32cube.ide.mcu.externaltools.gnu-tools-for-stm32.9-2020-q2-update.win32_2.0.0.202105311346/tools/bin/../lib/gcc/arm-none-eabi/9.3.1/thumb/v7e-m+fp/hard/crtbegin.o
 *(.bss*)
 .bss.temp      0x0000000020000044        0x4 ./Core/Src/main.o
                0x0000000020000044                temp
 .bss.pwm_duty_f
                0x0000000020000048        0x4 ./Core/Src/main.o
                0x0000000020000048                pwm_duty_f
 .bss.pwm_duty  0x000000002000004c        0x2 ./Core/Src/main.o
                0x000000002000004c                pwm_duty
 *(COMMON)
 *fill*         0x000000002000004e        0x2 
 COMMON         0x0000000020000050       0x28 ./Core/Src/BMXX80.o
                0x0000000020000050                t3
                0x0000000020000052                p2
                0x0000000020000054                p7
                0x0000000020000056                _pressure_oversampling
                0x0000000020000058                t2
                0x000000002000005a                p5
                0x000000002000005c                p1
                0x000000002000005e                p8
                0x0000000020000060                p6
                0x0000000020000062                t1
                0x0000000020000064                _temperature_res
                0x0000000020000068                i2c_h
                0x000000002000006c                _mode
                0x000000002000006e                p3
                0x0000000020000070                p9
                0x0000000020000072                p4
                0x0000000020000074                t_fine
 COMMON         0x0000000020000078      0x524 ./Core/Src/main.o
                0x0000000020000078                pres
                0x000000002000007c                htim4
                0x00000000200000c8                huart3
                0x000000002000014c                hpcd_USB_OTG_FS
                0x0000000020000550                hi2c2
 COMMON         0x000000002000059c        0x4 ./Drivers/STM32F7xx_HAL_Driver/Src/stm32f7xx_hal.o
                0x000000002000059c                uwTick
                0x00000000200005a0                . = ALIGN (0x4)
                0x00000000200005a0                _ebss = .
                0x00000000200005a0                __bss_end__ = _ebss

._user_heap_stack
                0x00000000200005a0      0x600 load address 0x000000000800649c
                0x00000000200005a0                . = ALIGN (0x8)
                [!provide]                        PROVIDE (end = .)
                0x00000000200005a0                PROVIDE (_end = .)
                0x00000000200007a0                . = (. + _Min_Heap_Size)
 *fill*         0x00000000200005a0      0x200 
                0x0000000020000ba0                . = (. + _Min_Stack_Size)
 *fill*         0x00000000200007a0      0x400 
                0x0000000020000ba0                . = ALIGN (0x8)

/DISCARD/
 libc.a(*)
 libm.a(*)
 libgcc.a(*)

.ARM.attributes
                0x0000000000000000       0x30
 *(.ARM.attributes)
 .ARM.attributes
                0x0000000000000000       0x1e d:/st/stm32cubeide_1.7.0/stm32cubeide/plugins/com.st.stm32cube.ide.mcu.externaltools.gnu-tools-for-stm32.9-2020-q2-update.win32_2.0.0.202105311346/tools/bin/../lib/gcc/arm-none-eabi/9.3.1/thumb/v7e-m+fp/hard/crti.o
 .ARM.attributes
                0x000000000000001e       0x34 d:/st/stm32cubeide_1.7.0/stm32cubeide/plugins/com.st.stm32cube.ide.mcu.externaltools.gnu-tools-for-stm32.9-2020-q2-update.win32_2.0.0.202105311346/tools/bin/../lib/gcc/arm-none-eabi/9.3.1/thumb/v7e-m+fp/hard/crtbegin.o
 .ARM.attributes
                0x0000000000000052       0x34 ./Core/Src/BMXX80.o
 .ARM.attributes
                0x0000000000000086       0x34 ./Core/Src/TM1637.o
 .ARM.attributes
                0x00000000000000ba       0x34 ./Core/Src/main.o
 .ARM.attributes
                0x00000000000000ee       0x34 ./Core/Src/stm32f7xx_hal_msp.o
 .ARM.attributes
                0x0000000000000122       0x34 ./Core/Src/stm32f7xx_it.o
 .ARM.attributes
                0x0000000000000156       0x34 ./Core/Src/system_stm32f7xx.o
 .ARM.attributes
                0x000000000000018a       0x21 ./Core/Startup/startup_stm32f746zgtx.o
 .ARM.attributes
                0x00000000000001ab       0x34 ./Drivers/STM32F7xx_HAL_Driver/Src/stm32f7xx_hal.o
 .ARM.attributes
                0x00000000000001df       0x34 ./Drivers/STM32F7xx_HAL_Driver/Src/stm32f7xx_hal_cortex.o
 .ARM.attributes
                0x0000000000000213       0x34 ./Drivers/STM32F7xx_HAL_Driver/Src/stm32f7xx_hal_gpio.o
 .ARM.attributes
                0x0000000000000247       0x34 ./Drivers/STM32F7xx_HAL_Driver/Src/stm32f7xx_hal_i2c.o
 .ARM.attributes
                0x000000000000027b       0x34 ./Drivers/STM32F7xx_HAL_Driver/Src/stm32f7xx_hal_i2c_ex.o
 .ARM.attributes
                0x00000000000002af       0x34 ./Drivers/STM32F7xx_HAL_Driver/Src/stm32f7xx_hal_pcd.o
 .ARM.attributes
                0x00000000000002e3       0x34 ./Drivers/STM32F7xx_HAL_Driver/Src/stm32f7xx_hal_pcd_ex.o
 .ARM.attributes
                0x0000000000000317       0x34 ./Drivers/STM32F7xx_HAL_Driver/Src/stm32f7xx_hal_pwr.o
 .ARM.attributes
                0x000000000000034b       0x34 ./Drivers/STM32F7xx_HAL_Driver/Src/stm32f7xx_hal_rcc.o
 .ARM.attributes
                0x000000000000037f       0x34 ./Drivers/STM32F7xx_HAL_Driver/Src/stm32f7xx_hal_rcc_ex.o
 .ARM.attributes
                0x00000000000003b3       0x34 ./Drivers/STM32F7xx_HAL_Driver/Src/stm32f7xx_hal_tim.o
 .ARM.attributes
                0x00000000000003e7       0x34 ./Drivers/STM32F7xx_HAL_Driver/Src/stm32f7xx_hal_tim_ex.o
 .ARM.attributes
                0x000000000000041b       0x34 ./Drivers/STM32F7xx_HAL_Driver/Src/stm32f7xx_hal_uart.o
 .ARM.attributes
                0x000000000000044f       0x34 ./Drivers/STM32F7xx_HAL_Driver/Src/stm32f7xx_ll_usb.o
 .ARM.attributes
                0x0000000000000483       0x34 d:/st/stm32cubeide_1.7.0/stm32cubeide/plugins/com.st.stm32cube.ide.mcu.externaltools.gnu-tools-for-stm32.9-2020-q2-update.win32_2.0.0.202105311346/tools/bin/../lib/gcc/arm-none-eabi/9.3.1/../../../../arm-none-eabi/lib/thumb/v7e-m+fp/hard\libc_nano.a(lib_a-init.o)
 .ARM.attributes
                0x00000000000004b7       0x34 d:/st/stm32cubeide_1.7.0/stm32cubeide/plugins/com.st.stm32cube.ide.mcu.externaltools.gnu-tools-for-stm32.9-2020-q2-update.win32_2.0.0.202105311346/tools/bin/../lib/gcc/arm-none-eabi/9.3.1/../../../../arm-none-eabi/lib/thumb/v7e-m+fp/hard\libc_nano.a(lib_a-memset.o)
 .ARM.attributes
                0x00000000000004eb       0x1e d:/st/stm32cubeide_1.7.0/stm32cubeide/plugins/com.st.stm32cube.ide.mcu.externaltools.gnu-tools-for-stm32.9-2020-q2-update.win32_2.0.0.202105311346/tools/bin/../lib/gcc/arm-none-eabi/9.3.1/thumb/v7e-m+fp/hard\libgcc.a(_arm_addsubdf3.o)
 .ARM.attributes
                0x0000000000000509       0x1e d:/st/stm32cubeide_1.7.0/stm32cubeide/plugins/com.st.stm32cube.ide.mcu.externaltools.gnu-tools-for-stm32.9-2020-q2-update.win32_2.0.0.202105311346/tools/bin/../lib/gcc/arm-none-eabi/9.3.1/thumb/v7e-m+fp/hard\libgcc.a(_arm_muldivdf3.o)
 .ARM.attributes
                0x0000000000000527       0x1e d:/st/stm32cubeide_1.7.0/stm32cubeide/plugins/com.st.stm32cube.ide.mcu.externaltools.gnu-tools-for-stm32.9-2020-q2-update.win32_2.0.0.202105311346/tools/bin/../lib/gcc/arm-none-eabi/9.3.1/thumb/v7e-m+fp/hard\libgcc.a(_arm_truncdfsf2.o)
 .ARM.attributes
                0x0000000000000545       0x1e d:/st/stm32cubeide_1.7.0/stm32cubeide/plugins/com.st.stm32cube.ide.mcu.externaltools.gnu-tools-for-stm32.9-2020-q2-update.win32_2.0.0.202105311346/tools/bin/../lib/gcc/arm-none-eabi/9.3.1/thumb/v7e-m+fp/hard\libgcc.a(_aeabi_ldivmod.o)
 .ARM.attributes
                0x0000000000000563       0x1e d:/st/stm32cubeide_1.7.0/stm32cubeide/plugins/com.st.stm32cube.ide.mcu.externaltools.gnu-tools-for-stm32.9-2020-q2-update.win32_2.0.0.202105311346/tools/bin/../lib/gcc/arm-none-eabi/9.3.1/thumb/v7e-m+fp/hard\libgcc.a(_aeabi_uldivmod.o)
 .ARM.attributes
                0x0000000000000581       0x34 d:/st/stm32cubeide_1.7.0/stm32cubeide/plugins/com.st.stm32cube.ide.mcu.externaltools.gnu-tools-for-stm32.9-2020-q2-update.win32_2.0.0.202105311346/tools/bin/../lib/gcc/arm-none-eabi/9.3.1/thumb/v7e-m+fp/hard\libgcc.a(_udivmoddi4.o)
 .ARM.attributes
                0x00000000000005b5       0x1e d:/st/stm32cubeide_1.7.0/stm32cubeide/plugins/com.st.stm32cube.ide.mcu.externaltools.gnu-tools-for-stm32.9-2020-q2-update.win32_2.0.0.202105311346/tools/bin/../lib/gcc/arm-none-eabi/9.3.1/thumb/v7e-m+fp/hard\libgcc.a(_dvmd_tls.o)
 .ARM.attributes
                0x00000000000005d3       0x1e d:/st/stm32cubeide_1.7.0/stm32cubeide/plugins/com.st.stm32cube.ide.mcu.externaltools.gnu-tools-for-stm32.9-2020-q2-update.win32_2.0.0.202105311346/tools/bin/../lib/gcc/arm-none-eabi/9.3.1/thumb/v7e-m+fp/hard/crtn.o
OUTPUT(proj_PID.elf elf32-littlearm)
LOAD linker stubs
LOAD d:/st/stm32cubeide_1.7.0/stm32cubeide/plugins/com.st.stm32cube.ide.mcu.externaltools.gnu-tools-for-stm32.9-2020-q2-update.win32_2.0.0.202105311346/tools/bin/../lib/gcc/arm-none-eabi/9.3.1/../../../../arm-none-eabi/lib/thumb/v7e-m+fp/hard\libc.a
LOAD d:/st/stm32cubeide_1.7.0/stm32cubeide/plugins/com.st.stm32cube.ide.mcu.externaltools.gnu-tools-for-stm32.9-2020-q2-update.win32_2.0.0.202105311346/tools/bin/../lib/gcc/arm-none-eabi/9.3.1/../../../../arm-none-eabi/lib/thumb/v7e-m+fp/hard\libm.a
LOAD d:/st/stm32cubeide_1.7.0/stm32cubeide/plugins/com.st.stm32cube.ide.mcu.externaltools.gnu-tools-for-stm32.9-2020-q2-update.win32_2.0.0.202105311346/tools/bin/../lib/gcc/arm-none-eabi/9.3.1/thumb/v7e-m+fp/hard\libgcc.a

.debug_info     0x0000000000000000    0x17e65
 .debug_info    0x0000000000000000     0x14dd ./Core/Src/BMXX80.o
 .debug_info    0x00000000000014dd      0x478 ./Core/Src/TM1637.o
 .debug_info    0x0000000000001955     0x1bb9 ./Core/Src/main.o
 .debug_info    0x000000000000350e     0x1a92 ./Core/Src/stm32f7xx_hal_msp.o
 .debug_info    0x0000000000004fa0      0x222 ./Core/Src/stm32f7xx_it.o
 .debug_info    0x00000000000051c2      0x7ad ./Core/Src/system_stm32f7xx.o
 .debug_info    0x000000000000596f       0x22 ./Core/Startup/startup_stm32f746zgtx.o
 .debug_info    0x0000000000005991      0xa42 ./Drivers/STM32F7xx_HAL_Driver/Src/stm32f7xx_hal.o
 .debug_info    0x00000000000063d3     0x1116 ./Drivers/STM32F7xx_HAL_Driver/Src/stm32f7xx_hal_cortex.o
 .debug_info    0x00000000000074e9      0x868 ./Drivers/STM32F7xx_HAL_Driver/Src/stm32f7xx_hal_gpio.o
 .debug_info    0x0000000000007d51     0x228e ./Drivers/STM32F7xx_HAL_Driver/Src/stm32f7xx_hal_i2c.o
 .debug_info    0x0000000000009fdf      0xa8e ./Drivers/STM32F7xx_HAL_Driver/Src/stm32f7xx_hal_i2c_ex.o
 .debug_info    0x000000000000aa6d     0x134f ./Drivers/STM32F7xx_HAL_Driver/Src/stm32f7xx_hal_pcd.o
 .debug_info    0x000000000000bdbc      0x88b ./Drivers/STM32F7xx_HAL_Driver/Src/stm32f7xx_hal_pcd_ex.o
 .debug_info    0x000000000000c647      0xa4c ./Drivers/STM32F7xx_HAL_Driver/Src/stm32f7xx_hal_pwr.o
 .debug_info    0x000000000000d093      0x9cc ./Drivers/STM32F7xx_HAL_Driver/Src/stm32f7xx_hal_rcc.o
 .debug_info    0x000000000000da5f      0x82c ./Drivers/STM32F7xx_HAL_Driver/Src/stm32f7xx_hal_rcc_ex.o
 .debug_info    0x000000000000e28b     0x2d3e ./Drivers/STM32F7xx_HAL_Driver/Src/stm32f7xx_hal_tim.o
 .debug_info    0x0000000000010fc9     0x1688 ./Drivers/STM32F7xx_HAL_Driver/Src/stm32f7xx_hal_tim_ex.o
 .debug_info    0x0000000000012651     0x3cd4 ./Drivers/STM32F7xx_HAL_Driver/Src/stm32f7xx_hal_uart.o
 .debug_info    0x0000000000016325     0x1b40 ./Drivers/STM32F7xx_HAL_Driver/Src/stm32f7xx_ll_usb.o

.debug_abbrev   0x0000000000000000     0x2be0
 .debug_abbrev  0x0000000000000000      0x2de ./Core/Src/BMXX80.o
 .debug_abbrev  0x00000000000002de      0x1b3 ./Core/Src/TM1637.o
 .debug_abbrev  0x0000000000000491      0x2f8 ./Core/Src/main.o
 .debug_abbrev  0x0000000000000789      0x264 ./Core/Src/stm32f7xx_hal_msp.o
 .debug_abbrev  0x00000000000009ed       0xd2 ./Core/Src/stm32f7xx_it.o
 .debug_abbrev  0x0000000000000abf      0x165 ./Core/Src/system_stm32f7xx.o
 .debug_abbrev  0x0000000000000c24       0x12 ./Core/Startup/startup_stm32f746zgtx.o
 .debug_abbrev  0x0000000000000c36      0x1ed ./Drivers/STM32F7xx_HAL_Driver/Src/stm32f7xx_hal.o
 .debug_abbrev  0x0000000000000e23      0x33c ./Drivers/STM32F7xx_HAL_Driver/Src/stm32f7xx_hal_cortex.o
 .debug_abbrev  0x000000000000115f      0x1f1 ./Drivers/STM32F7xx_HAL_Driver/Src/stm32f7xx_hal_gpio.o
 .debug_abbrev  0x0000000000001350      0x256 ./Drivers/STM32F7xx_HAL_Driver/Src/stm32f7xx_hal_i2c.o
 .debug_abbrev  0x00000000000015a6      0x1bb ./Drivers/STM32F7xx_HAL_Driver/Src/stm32f7xx_hal_i2c_ex.o
 .debug_abbrev  0x0000000000001761      0x2a0 ./Drivers/STM32F7xx_HAL_Driver/Src/stm32f7xx_hal_pcd.o
 .debug_abbrev  0x0000000000001a01      0x1ea ./Drivers/STM32F7xx_HAL_Driver/Src/stm32f7xx_hal_pcd_ex.o
 .debug_abbrev  0x0000000000001beb      0x1de ./Drivers/STM32F7xx_HAL_Driver/Src/stm32f7xx_hal_pwr.o
 .debug_abbrev  0x0000000000001dc9      0x246 ./Drivers/STM32F7xx_HAL_Driver/Src/stm32f7xx_hal_rcc.o
 .debug_abbrev  0x000000000000200f      0x1d1 ./Drivers/STM32F7xx_HAL_Driver/Src/stm32f7xx_hal_rcc_ex.o
 .debug_abbrev  0x00000000000021e0      0x25e ./Drivers/STM32F7xx_HAL_Driver/Src/stm32f7xx_hal_tim.o
 .debug_abbrev  0x000000000000243e      0x266 ./Drivers/STM32F7xx_HAL_Driver/Src/stm32f7xx_hal_tim_ex.o
 .debug_abbrev  0x00000000000026a4      0x2b3 ./Drivers/STM32F7xx_HAL_Driver/Src/stm32f7xx_hal_uart.o
 .debug_abbrev  0x0000000000002957      0x289 ./Drivers/STM32F7xx_HAL_Driver/Src/stm32f7xx_ll_usb.o

.debug_aranges  0x0000000000000000     0x13b8
 .debug_aranges
                0x0000000000000000       0x70 ./Core/Src/BMXX80.o
 .debug_aranges
                0x0000000000000070       0x80 ./Core/Src/TM1637.o
 .debug_aranges
                0x00000000000000f0       0x60 ./Core/Src/main.o
 .debug_aranges
                0x0000000000000150       0x68 ./Core/Src/stm32f7xx_hal_msp.o
 .debug_aranges
                0x00000000000001b8       0x60 ./Core/Src/stm32f7xx_it.o
 .debug_aranges
                0x0000000000000218       0x28 ./Core/Src/system_stm32f7xx.o
 .debug_aranges
                0x0000000000000240       0x28 ./Core/Startup/startup_stm32f746zgtx.o
 .debug_aranges
                0x0000000000000268      0x100 ./Drivers/STM32F7xx_HAL_Driver/Src/stm32f7xx_hal.o
 .debug_aranges
                0x0000000000000368      0x118 ./Drivers/STM32F7xx_HAL_Driver/Src/stm32f7xx_hal_cortex.o
 .debug_aranges
                0x0000000000000480       0x58 ./Drivers/STM32F7xx_HAL_Driver/Src/stm32f7xx_hal_gpio.o
 .debug_aranges
                0x00000000000004d8      0x290 ./Drivers/STM32F7xx_HAL_Driver/Src/stm32f7xx_hal_i2c.o
 .debug_aranges
                0x0000000000000768       0x38 ./Drivers/STM32F7xx_HAL_Driver/Src/stm32f7xx_hal_i2c_ex.o
 .debug_aranges
                0x00000000000007a0      0x140 ./Drivers/STM32F7xx_HAL_Driver/Src/stm32f7xx_hal_pcd.o
 .debug_aranges
                0x00000000000008e0       0x48 ./Drivers/STM32F7xx_HAL_Driver/Src/stm32f7xx_hal_pcd_ex.o
 .debug_aranges
                0x0000000000000928       0xa0 ./Drivers/STM32F7xx_HAL_Driver/Src/stm32f7xx_hal_pwr.o
 .debug_aranges
                0x00000000000009c8       0x88 ./Drivers/STM32F7xx_HAL_Driver/Src/stm32f7xx_hal_rcc.o
 .debug_aranges
                0x0000000000000a50       0x50 ./Drivers/STM32F7xx_HAL_Driver/Src/stm32f7xx_hal_rcc_ex.o
 .debug_aranges
                0x0000000000000aa0      0x3e0 ./Drivers/STM32F7xx_HAL_Driver/Src/stm32f7xx_hal_tim.o
 .debug_aranges
                0x0000000000000e80      0x178 ./Drivers/STM32F7xx_HAL_Driver/Src/stm32f7xx_hal_tim_ex.o
 .debug_aranges
                0x0000000000000ff8      0x228 ./Drivers/STM32F7xx_HAL_Driver/Src/stm32f7xx_hal_uart.o
 .debug_aranges
                0x0000000000001220      0x198 ./Drivers/STM32F7xx_HAL_Driver/Src/stm32f7xx_ll_usb.o

.debug_ranges   0x0000000000000000     0x12a0
 .debug_ranges  0x0000000000000000       0x60 ./Core/Src/BMXX80.o
 .debug_ranges  0x0000000000000060       0x70 ./Core/Src/TM1637.o
 .debug_ranges  0x00000000000000d0       0x50 ./Core/Src/main.o
 .debug_ranges  0x0000000000000120       0x58 ./Core/Src/stm32f7xx_hal_msp.o
 .debug_ranges  0x0000000000000178       0x50 ./Core/Src/stm32f7xx_it.o
 .debug_ranges  0x00000000000001c8       0x18 ./Core/Src/system_stm32f7xx.o
 .debug_ranges  0x00000000000001e0       0x20 ./Core/Startup/startup_stm32f746zgtx.o
 .debug_ranges  0x0000000000000200       0xf0 ./Drivers/STM32F7xx_HAL_Driver/Src/stm32f7xx_hal.o
 .debug_ranges  0x00000000000002f0      0x108 ./Drivers/STM32F7xx_HAL_Driver/Src/stm32f7xx_hal_cortex.o
 .debug_ranges  0x00000000000003f8       0x48 ./Drivers/STM32F7xx_HAL_Driver/Src/stm32f7xx_hal_gpio.o
 .debug_ranges  0x0000000000000440      0x280 ./Drivers/STM32F7xx_HAL_Driver/Src/stm32f7xx_hal_i2c.o
 .debug_ranges  0x00000000000006c0       0x28 ./Drivers/STM32F7xx_HAL_Driver/Src/stm32f7xx_hal_i2c_ex.o
 .debug_ranges  0x00000000000006e8      0x130 ./Drivers/STM32F7xx_HAL_Driver/Src/stm32f7xx_hal_pcd.o
 .debug_ranges  0x0000000000000818       0x38 ./Drivers/STM32F7xx_HAL_Driver/Src/stm32f7xx_hal_pcd_ex.o
 .debug_ranges  0x0000000000000850       0x90 ./Drivers/STM32F7xx_HAL_Driver/Src/stm32f7xx_hal_pwr.o
 .debug_ranges  0x00000000000008e0       0x78 ./Drivers/STM32F7xx_HAL_Driver/Src/stm32f7xx_hal_rcc.o
 .debug_ranges  0x0000000000000958       0x40 ./Drivers/STM32F7xx_HAL_Driver/Src/stm32f7xx_hal_rcc_ex.o
 .debug_ranges  0x0000000000000998      0x3d0 ./Drivers/STM32F7xx_HAL_Driver/Src/stm32f7xx_hal_tim.o
 .debug_ranges  0x0000000000000d68      0x168 ./Drivers/STM32F7xx_HAL_Driver/Src/stm32f7xx_hal_tim_ex.o
 .debug_ranges  0x0000000000000ed0      0x248 ./Drivers/STM32F7xx_HAL_Driver/Src/stm32f7xx_hal_uart.o
 .debug_ranges  0x0000000000001118      0x188 ./Drivers/STM32F7xx_HAL_Driver/Src/stm32f7xx_ll_usb.o

.debug_macro    0x0000000000000000    0x27181
 .debug_macro   0x0000000000000000      0x2c9 ./Core/Src/BMXX80.o
 .debug_macro   0x00000000000002c9      0xaa8 ./Core/Src/BMXX80.o
 .debug_macro   0x0000000000000d71      0x299 ./Core/Src/BMXX80.o
 .debug_macro   0x000000000000100a       0x2e ./Core/Src/BMXX80.o
 .debug_macro   0x0000000000001038       0x3b ./Core/Src/BMXX80.o
 .debug_macro   0x0000000000001073       0x22 ./Core/Src/BMXX80.o
 .debug_macro   0x0000000000001095       0x8e ./Core/Src/BMXX80.o
 .debug_macro   0x0000000000001123       0x51 ./Core/Src/BMXX80.o
 .debug_macro   0x0000000000001174      0x103 ./Core/Src/BMXX80.o
 .debug_macro   0x0000000000001277       0x6a ./Core/Src/BMXX80.o
 .debug_macro   0x00000000000012e1      0x1df ./Core/Src/BMXX80.o
 .debug_macro   0x00000000000014c0       0x1c ./Core/Src/BMXX80.o
 .debug_macro   0x00000000000014dc       0x22 ./Core/Src/BMXX80.o
 .debug_macro   0x00000000000014fe       0xdf ./Core/Src/BMXX80.o
 .debug_macro   0x00000000000015dd     0x12cd ./Core/Src/BMXX80.o
 .debug_macro   0x00000000000028aa      0x11f ./Core/Src/BMXX80.o
 .debug_macro   0x00000000000029c9       0x19 ./Core/Src/BMXX80.o
 .debug_macro   0x00000000000029e2    0x191da ./Core/Src/BMXX80.o
 .debug_macro   0x000000000001bbbc       0x6d ./Core/Src/BMXX80.o
 .debug_macro   0x000000000001bc29     0x3714 ./Core/Src/BMXX80.o
 .debug_macro   0x000000000001f33d      0x174 ./Core/Src/BMXX80.o
 .debug_macro   0x000000000001f4b1       0x63 ./Core/Src/BMXX80.o
 .debug_macro   0x000000000001f514     0x18ad ./Core/Src/BMXX80.o
 .debug_macro   0x0000000000020dc1      0x6c4 ./Core/Src/BMXX80.o
 .debug_macro   0x0000000000021485      0x185 ./Core/Src/BMXX80.o
 .debug_macro   0x000000000002160a      0x115 ./Core/Src/BMXX80.o
 .debug_macro   0x000000000002171f      0x1fd ./Core/Src/BMXX80.o
 .debug_macro   0x000000000002191c       0xa5 ./Core/Src/BMXX80.o
 .debug_macro   0x00000000000219c1      0x24f ./Core/Src/BMXX80.o
 .debug_macro   0x0000000000021c10       0x41 ./Core/Src/BMXX80.o
 .debug_macro   0x0000000000021c51       0x58 ./Core/Src/BMXX80.o
 .debug_macro   0x0000000000021ca9      0x236 ./Core/Src/BMXX80.o
 .debug_macro   0x0000000000021edf      0x14e ./Core/Src/BMXX80.o
 .debug_macro   0x000000000002202d      0x25a ./Core/Src/BMXX80.o
 .debug_macro   0x0000000000022287       0x12 ./Core/Src/BMXX80.o
 .debug_macro   0x0000000000022299      0x22c ./Core/Src/BMXX80.o
 .debug_macro   0x00000000000224c5       0x61 ./Core/Src/BMXX80.o
 .debug_macro   0x0000000000022526       0xa5 ./Core/Src/BMXX80.o
 .debug_macro   0x00000000000225cb      0x12e ./Core/Src/BMXX80.o
 .debug_macro   0x00000000000226f9      0x108 ./Core/Src/BMXX80.o
 .debug_macro   0x0000000000022801       0x35 ./Core/Src/BMXX80.o
 .debug_macro   0x0000000000022836      0xa60 ./Core/Src/BMXX80.o
 .debug_macro   0x0000000000023296       0x59 ./Core/Src/BMXX80.o
 .debug_macro   0x00000000000232ef      0x558 ./Core/Src/BMXX80.o
 .debug_macro   0x0000000000023847       0x44 ./Core/Src/BMXX80.o
 .debug_macro   0x000000000002388b      0x256 ./Core/Src/BMXX80.o
 .debug_macro   0x0000000000023ae1       0xba ./Core/Src/BMXX80.o
 .debug_macro   0x0000000000023b9b      0x14d ./Core/Src/BMXX80.o
 .debug_macro   0x0000000000023ce8      0x154 ./Core/Src/BMXX80.o
 .debug_macro   0x0000000000023e3c      0x158 ./Core/Src/BMXX80.o
 .debug_macro   0x0000000000023f94       0x52 ./Core/Src/BMXX80.o
 .debug_macro   0x0000000000023fe6       0x18 ./Core/Src/BMXX80.o
 .debug_macro   0x0000000000023ffe       0x3c ./Core/Src/BMXX80.o
 .debug_macro   0x000000000002403a       0x34 ./Core/Src/BMXX80.o
 .debug_macro   0x000000000002406e       0x16 ./Core/Src/BMXX80.o
 .debug_macro   0x0000000000024084       0x43 ./Core/Src/BMXX80.o
 .debug_macro   0x00000000000240c7       0x34 ./Core/Src/BMXX80.o
 .debug_macro   0x00000000000240fb       0x10 ./Core/Src/BMXX80.o
 .debug_macro   0x000000000002410b       0x58 ./Core/Src/BMXX80.o
 .debug_macro   0x0000000000024163       0x71 ./Core/Src/BMXX80.o
 .debug_macro   0x00000000000241d4       0x1c ./Core/Src/BMXX80.o
 .debug_macro   0x00000000000241f0      0x12a ./Core/Src/BMXX80.o
 .debug_macro   0x000000000002431a      0x333 ./Core/Src/BMXX80.o
 .debug_macro   0x000000000002464d      0x1a9 ./Core/Src/BMXX80.o
 .debug_macro   0x00000000000247f6      0x219 ./Core/Src/TM1637.o
 .debug_macro   0x0000000000024a0f      0x15a ./Core/Src/TM1637.o
 .debug_macro   0x0000000000024b69      0x228 ./Core/Src/main.o
 .debug_macro   0x0000000000024d91      0x215 ./Core/Src/stm32f7xx_hal_msp.o
 .debug_macro   0x0000000000024fa6      0x21f ./Core/Src/stm32f7xx_it.o
 .debug_macro   0x00000000000251c5      0x206 ./Core/Src/system_stm32f7xx.o
 .debug_macro   0x00000000000253cb      0x22a ./Drivers/STM32F7xx_HAL_Driver/Src/stm32f7xx_hal.o
 .debug_macro   0x00000000000255f5      0x206 ./Drivers/STM32F7xx_HAL_Driver/Src/stm32f7xx_hal_cortex.o
 .debug_macro   0x00000000000257fb      0x20c ./Drivers/STM32F7xx_HAL_Driver/Src/stm32f7xx_hal_gpio.o
 .debug_macro   0x0000000000025a07      0x2d2 ./Drivers/STM32F7xx_HAL_Driver/Src/stm32f7xx_hal_i2c.o
 .debug_macro   0x0000000000025cd9      0x206 ./Drivers/STM32F7xx_HAL_Driver/Src/stm32f7xx_hal_i2c_ex.o
 .debug_macro   0x0000000000025edf      0x212 ./Drivers/STM32F7xx_HAL_Driver/Src/stm32f7xx_hal_pcd.o
 .debug_macro   0x00000000000260f1      0x206 ./Drivers/STM32F7xx_HAL_Driver/Src/stm32f7xx_hal_pcd_ex.o
 .debug_macro   0x00000000000262f7      0x224 ./Drivers/STM32F7xx_HAL_Driver/Src/stm32f7xx_hal_pwr.o
 .debug_macro   0x000000000002651b      0x22a ./Drivers/STM32F7xx_HAL_Driver/Src/stm32f7xx_hal_rcc.o
 .debug_macro   0x0000000000026745      0x206 ./Drivers/STM32F7xx_HAL_Driver/Src/stm32f7xx_hal_rcc_ex.o
 .debug_macro   0x000000000002694b      0x207 ./Drivers/STM32F7xx_HAL_Driver/Src/stm32f7xx_hal_tim.o
 .debug_macro   0x0000000000026b52      0x206 ./Drivers/STM32F7xx_HAL_Driver/Src/stm32f7xx_hal_tim_ex.o
 .debug_macro   0x0000000000026d58      0x223 ./Drivers/STM32F7xx_HAL_Driver/Src/stm32f7xx_hal_uart.o
 .debug_macro   0x0000000000026f7b      0x206 ./Drivers/STM32F7xx_HAL_Driver/Src/stm32f7xx_ll_usb.o

.debug_line     0x0000000000000000    0x17cf9
 .debug_line    0x0000000000000000      0xc17 ./Core/Src/BMXX80.o
 .debug_line    0x0000000000000c17      0x933 ./Core/Src/TM1637.o
 .debug_line    0x000000000000154a      0xa10 ./Core/Src/main.o
 .debug_line    0x0000000000001f5a      0x8cf ./Core/Src/stm32f7xx_hal_msp.o
 .debug_line    0x0000000000002829      0x7fb ./Core/Src/stm32f7xx_it.o
 .debug_line    0x0000000000003024      0x7b8 ./Core/Src/system_stm32f7xx.o
 .debug_line    0x00000000000037dc       0x88 ./Core/Startup/startup_stm32f746zgtx.o
 .debug_line    0x0000000000003864      0xa49 ./Drivers/STM32F7xx_HAL_Driver/Src/stm32f7xx_hal.o
 .debug_line    0x00000000000042ad      0xccf ./Drivers/STM32F7xx_HAL_Driver/Src/stm32f7xx_hal_cortex.o
 .debug_line    0x0000000000004f7c      0xbbd ./Drivers/STM32F7xx_HAL_Driver/Src/stm32f7xx_hal_gpio.o
 .debug_line    0x0000000000005b39     0x33ee ./Drivers/STM32F7xx_HAL_Driver/Src/stm32f7xx_hal_i2c.o
 .debug_line    0x0000000000008f27      0x874 ./Drivers/STM32F7xx_HAL_Driver/Src/stm32f7xx_hal_i2c_ex.o
 .debug_line    0x000000000000979b     0x1365 ./Drivers/STM32F7xx_HAL_Driver/Src/stm32f7xx_hal_pcd.o
 .debug_line    0x000000000000ab00      0x84a ./Drivers/STM32F7xx_HAL_Driver/Src/stm32f7xx_hal_pcd_ex.o
 .debug_line    0x000000000000b34a      0x94d ./Drivers/STM32F7xx_HAL_Driver/Src/stm32f7xx_hal_pwr.o
 .debug_line    0x000000000000bc97      0xe8c ./Drivers/STM32F7xx_HAL_Driver/Src/stm32f7xx_hal_rcc.o
 .debug_line    0x000000000000cb23      0xe45 ./Drivers/STM32F7xx_HAL_Driver/Src/stm32f7xx_hal_rcc_ex.o
 .debug_line    0x000000000000d968     0x3c3a ./Drivers/STM32F7xx_HAL_Driver/Src/stm32f7xx_hal_tim.o
 .debug_line    0x00000000000115a2     0x1b3f ./Drivers/STM32F7xx_HAL_Driver/Src/stm32f7xx_hal_tim_ex.o
 .debug_line    0x00000000000130e1     0x3213 ./Drivers/STM32F7xx_HAL_Driver/Src/stm32f7xx_hal_uart.o
 .debug_line    0x00000000000162f4     0x1a05 ./Drivers/STM32F7xx_HAL_Driver/Src/stm32f7xx_ll_usb.o

.debug_str      0x0000000000000000    0xf35aa
 .debug_str     0x0000000000000000    0xed6a5 ./Core/Src/BMXX80.o
                                      0xedf30 (size before relaxing)
 .debug_str     0x00000000000ed6a5      0x177 ./Core/Src/TM1637.o
                                      0xe9b9f (size before relaxing)
 .debug_str     0x00000000000ed81c      0xc33 ./Core/Src/main.o
                                      0xeb0f2 (size before relaxing)
 .debug_str     0x00000000000ee44f      0x335 ./Core/Src/stm32f7xx_hal_msp.o
                                      0xeac95 (size before relaxing)
 .debug_str     0x00000000000ee784       0xbd ./Core/Src/stm32f7xx_it.o
                                      0xe9ad1 (size before relaxing)
 .debug_str     0x00000000000ee841      0x178 ./Core/Src/system_stm32f7xx.o
                                      0xe9763 (size before relaxing)
 .debug_str     0x00000000000ee9b9       0x36 ./Core/Startup/startup_stm32f746zgtx.o
                                         0x6b (size before relaxing)
 .debug_str     0x00000000000ee9ef      0x908 ./Drivers/STM32F7xx_HAL_Driver/Src/stm32f7xx_hal.o
                                      0xea02a (size before relaxing)
 .debug_str     0x00000000000ef2f7      0x38f ./Drivers/STM32F7xx_HAL_Driver/Src/stm32f7xx_hal_cortex.o
                                      0xea0d1 (size before relaxing)
 .debug_str     0x00000000000ef686      0x143 ./Drivers/STM32F7xx_HAL_Driver/Src/stm32f7xx_hal_gpio.o
                                      0xe984d (size before relaxing)
 .debug_str     0x00000000000ef7c9      0xd97 ./Drivers/STM32F7xx_HAL_Driver/Src/stm32f7xx_hal_i2c.o
                                      0xea916 (size before relaxing)
 .debug_str     0x00000000000f0560       0x89 ./Drivers/STM32F7xx_HAL_Driver/Src/stm32f7xx_hal_i2c_ex.o
                                      0xe9c35 (size before relaxing)
 .debug_str     0x00000000000f05e9      0x565 ./Drivers/STM32F7xx_HAL_Driver/Src/stm32f7xx_hal_pcd.o
                                      0xe9eaf (size before relaxing)
 .debug_str     0x00000000000f0b4e      0x16d ./Drivers/STM32F7xx_HAL_Driver/Src/stm32f7xx_hal_pcd_ex.o
                                      0xe9a85 (size before relaxing)
 .debug_str     0x00000000000f0cbb      0x2c5 ./Drivers/STM32F7xx_HAL_Driver/Src/stm32f7xx_hal_pwr.o
                                      0xe9a30 (size before relaxing)
 .debug_str     0x00000000000f0f80      0x26d ./Drivers/STM32F7xx_HAL_Driver/Src/stm32f7xx_hal_rcc.o
                                      0xe9a93 (size before relaxing)
 .debug_str     0x00000000000f11ed      0x169 ./Drivers/STM32F7xx_HAL_Driver/Src/stm32f7xx_hal_rcc_ex.o
                                      0xe9a1d (size before relaxing)
 .debug_str     0x00000000000f1356      0xe04 ./Drivers/STM32F7xx_HAL_Driver/Src/stm32f7xx_hal_tim.o
                                      0xeaa12 (size before relaxing)
 .debug_str     0x00000000000f215a      0x550 ./Drivers/STM32F7xx_HAL_Driver/Src/stm32f7xx_hal_tim_ex.o
                                      0xea216 (size before relaxing)
 .debug_str     0x00000000000f26aa      0x85d ./Drivers/STM32F7xx_HAL_Driver/Src/stm32f7xx_hal_uart.o
                                      0xea387 (size before relaxing)
 .debug_str     0x00000000000f2f07      0x6a3 ./Drivers/STM32F7xx_HAL_Driver/Src/stm32f7xx_ll_usb.o
                                      0xe9fe1 (size before relaxing)

.comment        0x0000000000000000       0x53
 .comment       0x0000000000000000       0x53 ./Core/Src/BMXX80.o
                                         0x54 (size before relaxing)
 .comment       0x0000000000000053       0x54 ./Core/Src/TM1637.o
 .comment       0x0000000000000053       0x54 ./Core/Src/main.o
 .comment       0x0000000000000053       0x54 ./Core/Src/stm32f7xx_hal_msp.o
 .comment       0x0000000000000053       0x54 ./Core/Src/stm32f7xx_it.o
 .comment       0x0000000000000053       0x54 ./Core/Src/system_stm32f7xx.o
 .comment       0x0000000000000053       0x54 ./Drivers/STM32F7xx_HAL_Driver/Src/stm32f7xx_hal.o
 .comment       0x0000000000000053       0x54 ./Drivers/STM32F7xx_HAL_Driver/Src/stm32f7xx_hal_cortex.o
 .comment       0x0000000000000053       0x54 ./Drivers/STM32F7xx_HAL_Driver/Src/stm32f7xx_hal_gpio.o
 .comment       0x0000000000000053       0x54 ./Drivers/STM32F7xx_HAL_Driver/Src/stm32f7xx_hal_i2c.o
 .comment       0x0000000000000053       0x54 ./Drivers/STM32F7xx_HAL_Driver/Src/stm32f7xx_hal_i2c_ex.o
 .comment       0x0000000000000053       0x54 ./Drivers/STM32F7xx_HAL_Driver/Src/stm32f7xx_hal_pcd.o
 .comment       0x0000000000000053       0x54 ./Drivers/STM32F7xx_HAL_Driver/Src/stm32f7xx_hal_pcd_ex.o
 .comment       0x0000000000000053       0x54 ./Drivers/STM32F7xx_HAL_Driver/Src/stm32f7xx_hal_pwr.o
 .comment       0x0000000000000053       0x54 ./Drivers/STM32F7xx_HAL_Driver/Src/stm32f7xx_hal_rcc.o
 .comment       0x0000000000000053       0x54 ./Drivers/STM32F7xx_HAL_Driver/Src/stm32f7xx_hal_rcc_ex.o
 .comment       0x0000000000000053       0x54 ./Drivers/STM32F7xx_HAL_Driver/Src/stm32f7xx_hal_tim.o
 .comment       0x0000000000000053       0x54 ./Drivers/STM32F7xx_HAL_Driver/Src/stm32f7xx_hal_tim_ex.o
 .comment       0x0000000000000053       0x54 ./Drivers/STM32F7xx_HAL_Driver/Src/stm32f7xx_hal_uart.o
 .comment       0x0000000000000053       0x54 ./Drivers/STM32F7xx_HAL_Driver/Src/stm32f7xx_ll_usb.o

.debug_frame    0x0000000000000000     0x55d4
 .debug_frame   0x0000000000000000      0x1bc ./Core/Src/BMXX80.o
 .debug_frame   0x00000000000001bc      0x1a4 ./Core/Src/TM1637.o
 .debug_frame   0x0000000000000360      0x12c ./Core/Src/main.o
 .debug_frame   0x000000000000048c      0x190 ./Core/Src/stm32f7xx_hal_msp.o
 .debug_frame   0x000000000000061c      0x104 ./Core/Src/stm32f7xx_it.o
 .debug_frame   0x0000000000000720       0x58 ./Core/Src/system_stm32f7xx.o
 .debug_frame   0x0000000000000778      0x3b4 ./Drivers/STM32F7xx_HAL_Driver/Src/stm32f7xx_hal.o
 .debug_frame   0x0000000000000b2c      0x498 ./Drivers/STM32F7xx_HAL_Driver/Src/stm32f7xx_hal_cortex.o
 .debug_frame   0x0000000000000fc4      0x14c ./Drivers/STM32F7xx_HAL_Driver/Src/stm32f7xx_hal_gpio.o
 .debug_frame   0x0000000000001110      0xbe8 ./Drivers/STM32F7xx_HAL_Driver/Src/stm32f7xx_hal_i2c.o
 .debug_frame   0x0000000000001cf8       0xb0 ./Drivers/STM32F7xx_HAL_Driver/Src/stm32f7xx_hal_i2c_ex.o
 .debug_frame   0x0000000000001da8      0x59c ./Drivers/STM32F7xx_HAL_Driver/Src/stm32f7xx_hal_pcd.o
 .debug_frame   0x0000000000002344      0x100 ./Drivers/STM32F7xx_HAL_Driver/Src/stm32f7xx_hal_pcd_ex.o
 .debug_frame   0x0000000000002444      0x254 ./Drivers/STM32F7xx_HAL_Driver/Src/stm32f7xx_hal_pwr.o
 .debug_frame   0x0000000000002698      0x1f4 ./Drivers/STM32F7xx_HAL_Driver/Src/stm32f7xx_hal_rcc.o
 .debug_frame   0x000000000000288c      0x118 ./Drivers/STM32F7xx_HAL_Driver/Src/stm32f7xx_hal_rcc_ex.o
 .debug_frame   0x00000000000029a4     0x121c ./Drivers/STM32F7xx_HAL_Driver/Src/stm32f7xx_hal_tim.o
 .debug_frame   0x0000000000003bc0      0x688 ./Drivers/STM32F7xx_HAL_Driver/Src/stm32f7xx_hal_tim_ex.o
 .debug_frame   0x0000000000004248      0x9e4 ./Drivers/STM32F7xx_HAL_Driver/Src/stm32f7xx_hal_uart.o
 .debug_frame   0x0000000000004c2c      0x798 ./Drivers/STM32F7xx_HAL_Driver/Src/stm32f7xx_ll_usb.o
 .debug_frame   0x00000000000053c4       0x2c d:/st/stm32cubeide_1.7.0/stm32cubeide/plugins/com.st.stm32cube.ide.mcu.externaltools.gnu-tools-for-stm32.9-2020-q2-update.win32_2.0.0.202105311346/tools/bin/../lib/gcc/arm-none-eabi/9.3.1/../../../../arm-none-eabi/lib/thumb/v7e-m+fp/hard\libc_nano.a(lib_a-init.o)
 .debug_frame   0x00000000000053f0       0x20 d:/st/stm32cubeide_1.7.0/stm32cubeide/plugins/com.st.stm32cube.ide.mcu.externaltools.gnu-tools-for-stm32.9-2020-q2-update.win32_2.0.0.202105311346/tools/bin/../lib/gcc/arm-none-eabi/9.3.1/../../../../arm-none-eabi/lib/thumb/v7e-m+fp/hard\libc_nano.a(lib_a-memset.o)
 .debug_frame   0x0000000000005410       0xac d:/st/stm32cubeide_1.7.0/stm32cubeide/plugins/com.st.stm32cube.ide.mcu.externaltools.gnu-tools-for-stm32.9-2020-q2-update.win32_2.0.0.202105311346/tools/bin/../lib/gcc/arm-none-eabi/9.3.1/thumb/v7e-m+fp/hard\libgcc.a(_arm_addsubdf3.o)
 .debug_frame   0x00000000000054bc       0x50 d:/st/stm32cubeide_1.7.0/stm32cubeide/plugins/com.st.stm32cube.ide.mcu.externaltools.gnu-tools-for-stm32.9-2020-q2-update.win32_2.0.0.202105311346/tools/bin/../lib/gcc/arm-none-eabi/9.3.1/thumb/v7e-m+fp/hard\libgcc.a(_arm_muldivdf3.o)
 .debug_frame   0x000000000000550c       0x24 d:/st/stm32cubeide_1.7.0/stm32cubeide/plugins/com.st.stm32cube.ide.mcu.externaltools.gnu-tools-for-stm32.9-2020-q2-update.win32_2.0.0.202105311346/tools/bin/../lib/gcc/arm-none-eabi/9.3.1/thumb/v7e-m+fp/hard\libgcc.a(_arm_truncdfsf2.o)
 .debug_frame   0x0000000000005530       0x44 d:/st/stm32cubeide_1.7.0/stm32cubeide/plugins/com.st.stm32cube.ide.mcu.externaltools.gnu-tools-for-stm32.9-2020-q2-update.win32_2.0.0.202105311346/tools/bin/../lib/gcc/arm-none-eabi/9.3.1/thumb/v7e-m+fp/hard\libgcc.a(_aeabi_ldivmod.o)
 .debug_frame   0x0000000000005574       0x2c d:/st/stm32cubeide_1.7.0/stm32cubeide/plugins/com.st.stm32cube.ide.mcu.externaltools.gnu-tools-for-stm32.9-2020-q2-update.win32_2.0.0.202105311346/tools/bin/../lib/gcc/arm-none-eabi/9.3.1/thumb/v7e-m+fp/hard\libgcc.a(_aeabi_uldivmod.o)
 .debug_frame   0x00000000000055a0       0x34 d:/st/stm32cubeide_1.7.0/stm32cubeide/plugins/com.st.stm32cube.ide.mcu.externaltools.gnu-tools-for-stm32.9-2020-q2-update.win32_2.0.0.202105311346/tools/bin/../lib/gcc/arm-none-eabi/9.3.1/thumb/v7e-m+fp/hard\libgcc.a(_udivmoddi4.o)
